Component: ARM Compiler 5.06 update 6 (build 750) Tool: armlink [4d35ed]

==============================================================================

Section Cross References

    startup_stm32l476xx.o(RESET) refers to startup_stm32l476xx.o(STACK) for __initial_sp
    startup_stm32l476xx.o(RESET) refers to startup_stm32l476xx.o(.text) for Reset_Handler
    startup_stm32l476xx.o(RESET) refers to stm32l4xx_it.o(i.NMI_Handler) for NMI_Handler
    startup_stm32l476xx.o(RESET) refers to stm32l4xx_it.o(i.HardFault_Handler) for HardFault_Handler
    startup_stm32l476xx.o(RESET) refers to stm32l4xx_it.o(i.MemManage_Handler) for MemManage_Handler
    startup_stm32l476xx.o(RESET) refers to stm32l4xx_it.o(i.BusFault_Handler) for BusFault_Handler
    startup_stm32l476xx.o(RESET) refers to stm32l4xx_it.o(i.UsageFault_Handler) for UsageFault_Handler
    startup_stm32l476xx.o(RESET) refers to stm32l4xx_it.o(i.SVC_Handler) for SVC_Handler
    startup_stm32l476xx.o(RESET) refers to stm32l4xx_it.o(i.DebugMon_Handler) for DebugMon_Handler
    startup_stm32l476xx.o(RESET) refers to stm32l4xx_it.o(i.PendSV_Handler) for PendSV_Handler
    startup_stm32l476xx.o(RESET) refers to stm32l4xx_it.o(i.SysTick_Handler) for SysTick_Handler
    startup_stm32l476xx.o(RESET) refers to stm32l4xx_it.o(i.EXTI0_IRQHandler) for EXTI0_IRQHandler
    startup_stm32l476xx.o(RESET) refers to stm32l4xx_it.o(i.DMA1_Channel4_IRQHandler) for DMA1_Channel4_IRQHandler
    startup_stm32l476xx.o(RESET) refers to stm32l4xx_it.o(i.DMA1_Channel5_IRQHandler) for DMA1_Channel5_IRQHandler
    startup_stm32l476xx.o(RESET) refers to stm32l4xx_it.o(i.EXTI9_5_IRQHandler) for EXTI9_5_IRQHandler
    startup_stm32l476xx.o(RESET) refers to stm32l4xx_it.o(i.TIM1_UP_TIM16_IRQHandler) for TIM1_UP_TIM16_IRQHandler
    startup_stm32l476xx.o(RESET) refers to stm32l4xx_it.o(i.SPI1_IRQHandler) for SPI1_IRQHandler
    startup_stm32l476xx.o(RESET) refers to stm32l4xx_it.o(i.SPI2_IRQHandler) for SPI2_IRQHandler
    startup_stm32l476xx.o(RESET) refers to stm32l4xx_it.o(i.SPI3_IRQHandler) for SPI3_IRQHandler
    startup_stm32l476xx.o(RESET) refers to stm32l4xx_it.o(i.DFSDM1_FLT0_IRQHandler) for DFSDM1_FLT0_IRQHandler
    startup_stm32l476xx.o(RESET) refers to stm32l4xx_it.o(i.DFSDM1_FLT1_IRQHandler) for DFSDM1_FLT1_IRQHandler
    startup_stm32l476xx.o(RESET) refers to stm32l4xx_it.o(i.OTG_FS_IRQHandler) for OTG_FS_IRQHandler
    startup_stm32l476xx.o(RESET) refers to stm32l4xx_it.o(i.I2C3_EV_IRQHandler) for I2C3_EV_IRQHandler
    startup_stm32l476xx.o(RESET) refers to stm32l4xx_it.o(i.I2C3_ER_IRQHandler) for I2C3_ER_IRQHandler
    startup_stm32l476xx.o(.text) refers to system_stm32l4xx.o(i.SystemInit) for SystemInit
    startup_stm32l476xx.o(.text) refers to entry.o(.ARM.Collect$$$$00000000) for __main
    main.o(i.HAL_TIM_PeriodElapsedCallback) refers to stm32l4xx_hal.o(i.HAL_IncTick) for HAL_IncTick
    main.o(i.MX_DFSDM1_Init) refers to stm32l4xx_hal_dfsdm.o(i.HAL_DFSDM_FilterInit) for HAL_DFSDM_FilterInit
    main.o(i.MX_DFSDM1_Init) refers to main.o(i.Error_Handler) for Error_Handler
    main.o(i.MX_DFSDM1_Init) refers to stm32l4xx_hal_dfsdm.o(i.HAL_DFSDM_ChannelInit) for HAL_DFSDM_ChannelInit
    main.o(i.MX_DFSDM1_Init) refers to stm32l4xx_hal_dfsdm.o(i.HAL_DFSDM_FilterConfigRegChannel) for HAL_DFSDM_FilterConfigRegChannel
    main.o(i.MX_DFSDM1_Init) refers to stm32l4xx_hal_dfsdm.o(i.HAL_DFSDM_FilterConfigInjChannel) for HAL_DFSDM_FilterConfigInjChannel
    main.o(i.MX_DFSDM1_Init) refers to main.o(.bss) for hdfsdm1_filter0
    main.o(i.MX_DMA_Init) refers to stm32l4xx_hal_cortex.o(i.HAL_NVIC_SetPriority) for HAL_NVIC_SetPriority
    main.o(i.MX_DMA_Init) refers to stm32l4xx_hal_cortex.o(i.HAL_NVIC_EnableIRQ) for HAL_NVIC_EnableIRQ
    main.o(i.MX_GPIO_Init) refers to memseta.o(.text) for __aeabi_memclr4
    main.o(i.MX_GPIO_Init) refers to stm32l4xx_hal_gpio.o(i.HAL_GPIO_WritePin) for HAL_GPIO_WritePin
    main.o(i.MX_GPIO_Init) refers to stm32l4xx_hal_gpio.o(i.HAL_GPIO_Init) for HAL_GPIO_Init
    main.o(i.MX_GPIO_Init) refers to stm32l4xx_hal_cortex.o(i.HAL_NVIC_SetPriority) for HAL_NVIC_SetPriority
    main.o(i.MX_GPIO_Init) refers to stm32l4xx_hal_cortex.o(i.HAL_NVIC_EnableIRQ) for HAL_NVIC_EnableIRQ
    main.o(i.MX_I2C3_Init) refers to stm32l4xx_hal_i2c.o(i.HAL_I2C_Init) for HAL_I2C_Init
    main.o(i.MX_I2C3_Init) refers to main.o(i.Error_Handler) for Error_Handler
    main.o(i.MX_I2C3_Init) refers to stm32l4xx_hal_i2c_ex.o(i.HAL_I2CEx_ConfigAnalogFilter) for HAL_I2CEx_ConfigAnalogFilter
    main.o(i.MX_I2C3_Init) refers to stm32l4xx_hal_i2c_ex.o(i.HAL_I2CEx_ConfigDigitalFilter) for HAL_I2CEx_ConfigDigitalFilter
    main.o(i.MX_I2C3_Init) refers to main.o(.bss) for hi2c3
    main.o(i.MX_SPI3_Init) refers to stm32l4xx_hal_spi.o(i.HAL_SPI_Init) for HAL_SPI_Init
    main.o(i.MX_SPI3_Init) refers to main.o(i.Error_Handler) for Error_Handler
    main.o(i.MX_SPI3_Init) refers to main.o(.bss) for hspi3
[...]
    i.USB_SetDevAddress                      0x080072e4   Section        0  stm32l4xx_ll_usb.o(i.USB_SetDevAddress)
    i.USB_SetDevSpeed                        0x0800730e   Section        0  stm32l4xx_ll_usb.o(i.USB_SetDevSpeed)
    i.USB_WritePacket                        0x08007320   Section        0  stm32l4xx_ll_usb.o(i.USB_WritePacket)
    i.USER_initialize                        0x08007350   Section        0  user_diskio.o(i.USER_initialize)
    i.USER_ioctl                             0x08007364   Section        0  user_diskio.o(i.USER_ioctl)
    i.USER_read                              0x0800736c   Section        0  user_diskio.o(i.USER_read)
    i.USER_status                            0x08007374   Section        0  user_diskio.o(i.USER_status)
    i.USER_write                             0x08007388   Section        0  user_diskio.o(i.USER_write)
    i.UsageFault_Handler                     0x08007390   Section        0  stm32l4xx_it.o(i.UsageFault_Handler)
    i.__scatterload_copy                     0x08007394   Section       14  handlers.o(i.__scatterload_copy)
    i.__scatterload_null                     0x080073a2   Section        2  handlers.o(i.__scatterload_null)
    i.__scatterload_zeroinit                 0x080073a4   Section       14  handlers.o(i.__scatterload_zeroinit)
    i.main                                   0x080073b2   Section        0  main.o(i.main)
    .constdata                               0x080073ea   Section       36  usbd_storage_if.o(.constdata)
    .constdata                               0x08007410   Section       72  system_stm32l4xx.o(.constdata)
    .constdata                               0x08007458   Section       23  usbd_msc_data.o(.constdata)
    .data                                    0x20000000   Section       24  user_diskio.o(.data)
    Stat                                     0x20000000   Data           1  user_diskio.o(.data)
    .data                                    0x20000018   Section        5  fatfs.o(.data)
    .data                                    0x20000020   Section       32  bsp_motion_sensors.o(.data)
    FunctionIndex                            0x20000024   Data          20  bsp_motion_sensors.o(.data)
    MotionDrv                                0x20000038   Data           4  bsp_motion_sensors.o(.data)
    MotionCtx                                0x2000003c   Data           4  bsp_motion_sensors.o(.data)
    .data                                    0x20000040   Section       20  app_mems-library.o(.data)
    .data                                    0x20000054   Section       68  usbd_desc.o(.data)
    .data                                    0x20000098   Section       32  usbd_storage_if.o(.data)
    .data                                    0x200000b8   Section        8  stm32l4xx_hal_msp.o(.data)
    HAL_RCC_DFSDM1_CLK_ENABLED               0x200000b8   Data           4  stm32l4xx_hal_msp.o(.data)
    DFSDM1_Init                              0x200000bc   Data           4  stm32l4xx_hal_msp.o(.data)
    .data                                    0x200000c0   Section        4  stm32l4xx_hal_dfsdm.o(.data)
    v_dfsdm1ChannelCounter                   0x200000c0   Data           4  stm32l4xx_hal_dfsdm.o(.data)
    .data                                    0x200000c4   Section        4  stm32l4xx_hal.o(.data)
    .data                                    0x200000c8   Section        4  system_stm32l4xx.o(.data)
    .data                                    0x200000cc   Section        1  usbd_ctlreq.o(.data)
    cfgidx                                   0x200000cc   Data           1  usbd_ctlreq.o(.data)
    .data                                    0x200000d0   Section      162  usbd_msc.o(.data)
    .bss                                     0x20000174   Section      600  main.o(.bss)
    .bss                                     0x200003cc   Section      267  hci_tl_interface.o(.bss)
    read_char_buf                            0x200003d8   Data         255  hci_tl_interface.o(.bss)
    .bss                                     0x200004d8   Section       60  bsp_motion_sensors.o(.bss)
    MotionFuncDrv                            0x200004d8   Data          12  bsp_motion_sensors.o(.bss)
    lsm6dsl_obj_0                            0x200004e4   Data          48  bsp_motion_sensors.o(.bss)
    .bss                                     0x20000514   Section       24  app_mems-library.o(.bss)
    .bss                                     0x2000052c   Section      668  usb_device.o(.bss)
    .bss                                     0x200007c8   Section     1656  usbd_conf.o(.bss)
    mem                                      0x20000bd0   Data         624  usbd_conf.o(.bss)
    .bss                                     0x20000e40   Section      512  usbd_desc.o(.bss)
    .bss                                     0x20001040   Section      200  custom_bus.o(.bss)
    .bss                                     0x20001108   Section       64  stm32l4xx_hal_timebase_tim.o(.bss)
    .bss                                     0x20001148   Section       32  stm32l4xx_hal_dfsdm.o(.bss)
    a_dfsdm1ChannelHandle                    0x20001148   Data          32  stm32l4xx_hal_dfsdm.o(.bss)
    .bss                                     0x20001168   Section       12  ff_gen_drv.o(.bss)
    STACK                                    0x20001178   Section     1024  startup_stm32l476xx.o(STACK)

    Global Symbols

    Symbol Name                              Value     Ov Type        Size  Object(Section)

    BuildAttributes$$THM_ISAv4$E$P$D$K$B$S$7EM$VFPi3$EXTD16$VFPS$VFMA$PE$A:L22UL41UL21$X:L11$S22US41US21$IEEE1$IW$USESV6$~STKCKD$USESV7$~SHL$OSPACE$EBA8$MICROLIB$REQ8$PRES8$EABIv2 0x00000000   Number         0  anon$$obj.o ABSOLUTE
    __ARM_use_no_argv                        0x00000000   Number         0  main.o ABSOLUTE
    __cpp_initialize__aeabi_                  - Undefined Weak Reference
    __cxa_finalize                            - Undefined Weak Reference
    _clock_init                               - Undefined Weak Reference
    _microlib_exit                            - Undefined Weak Reference
    __Vectors_Size                           0x00000188   Number         0  startup_stm32l476xx.o ABSOLUTE
    __Vectors                                0x08000000   Data           4  startup_stm32l476xx.o(RESET)
    __Vectors_End                            0x08000188   Data           0  startup_stm32l476xx.o(RESET)
    __main                                   0x08000189   Thumb Code     0  entry.o(.ARM.Collect$$$$00000000)
    _main_stk                                0x08000189   Thumb Code     0  entry2.o(.ARM.Collect$$$$00000001)
    _main_scatterload                        0x0800018d   Thumb Code     0  entry5.o(.ARM.Collect$$$$00000004)
    __main_after_scatterload                 0x08000191   Thumb Code     0  entry5.o(.ARM.Collect$$$$00000004)
    _main_clock                              0x08000191   Thumb Code     0  entry7b.o(.ARM.Collect$$$$00000008)
    _main_cpp_init                           0x08000191   Thumb Code     0  entry8b.o(.ARM.Collect$$$$0000000A)
    _main_init                               0x08000191   Thumb Code     0  entry9a.o(.ARM.Collect$$$$0000000B)
    __rt_final_cpp                           0x08000199   Thumb Code     0  entry10a.o(.ARM.Collect$$$$0000000D)
    __rt_final_exit                          0x08000199   Thumb Code     0  entry11a.o(.ARM.Collect$$$$0000000F)
    Reset_Handler                            0x0800019d   Thumb Code     8  startup_stm32l476xx.o(.text)
    ADC1_2_IRQHandler                        0x080001b7   Thumb Code     0  startup_stm32l476xx.o(.text)
    ADC3_IRQHandler                          0x080001b7   Thumb Code     0  startup_stm32l476xx.o(.text)
    CAN1_RX0_IRQHandler                      0x080001b7   Thumb Code     0  startup_stm32l476xx.o(.text)
    CAN1_RX1_IRQHandler                      0x080001b7   Thumb Code     0  startup_stm32l476xx.o(.text)
    CAN1_SCE_IRQHandler                      0x080001b7   Thumb Code     0  startup_stm32l476xx.o(.text)
    CAN1_TX_IRQHandler                       0x080001b7   Thumb Code     0  startup_stm32l476xx.o(.text)
    COMP_IRQHandler                          0x080001b7   Thumb Code     0  startup_stm32l476xx.o(.text)
    DFSDM1_FLT2_IRQHandler                   0x080001b7   Thumb Code     0  startup_stm32l476xx.o(.text)
    DFSDM1_FLT3_IRQHandler                   0x080001b7   Thumb Code     0  startup_stm32l476xx.o(.text)
    DMA1_Channel1_IRQHandler                 0x080001b7   Thumb Code     0  startup_stm32l476xx.o(.text)
    DMA1_Channel2_IRQHandler                 0x080001b7   Thumb Code     0  startup_stm32l476xx.o(.text)
    DMA1_Channel3_IRQHandler                 0x080001b7   Thumb Code     0  startup_stm32l476xx.o(.text)
    DMA1_Channel6_IRQHandler                 0x080001b7   Thumb Code     0  startup_stm32l476xx.o(.text)
    DMA1_Channel7_IRQHandler                 0x080001b7   Thumb Code     0  startup_stm32l476xx.o(.text)
    DMA2_Channel1_IRQHandler                 0x080001b7   Thumb Code     0  startup_stm32l476xx.o(.text)
    DMA2_Channel2_IRQHandler                 0x080001b7   Thumb Code     0  startup_stm32l476xx.o(.text)
    DMA2_Channel3_IRQHandler                 0x080001b7   Thumb Code     0  startup_stm32l476xx.o(.text)
    DMA2_Channel4_IRQHandler                 0x080001b7   Thumb Code     0  startup_stm32l476xx.o(.text)
    DMA2_Channel5_IRQHandler                 0x080001b7   Thumb Code     0  startup_stm32l476xx.o(.text)
    DMA2_Channel6_IRQHandler                 0x080001b7   Thumb Code     0  startup_stm32l476xx.o(.text)
    DMA2_Channel7_IRQHandler                 0x080001b7   Thumb Code     0  startup_stm32l476xx.o(.text)
    EXTI15_10_IRQHandler                     0x080001b7   Thumb Code     0  startup_stm32l476xx.o(.text)
    EXTI1_IRQHandler                         0x080001b7   Thumb Code     0  startup_stm32l476xx.o(.text)
    EXTI2_IRQHandler                         0x080001b7   Thumb Code     0  startup_stm32l476xx.o(.text)
    EXTI3_IRQHandler                         0x080001b7   Thumb Code     0  startup_stm32l476xx.o(.text)
    EXTI4_IRQHandler                         0x080001b7   Thumb Code     0  startup_stm32l476xx.o(.text)
    FLASH_IRQHandler                         0x080001b7   Thumb Code     0  startup_stm32l476xx.o(.text)
    FMC_IRQHandler                           0x080001b7   Thumb Code     0  startup_stm32l476xx.o(.text)
    FPU_IRQHandler                           0x080001b7   Thumb Code     0  startup_stm32l476xx.o(.text)
    I2C1_ER_IRQHandler                       0x080001b7   Thumb Code     0  startup_stm32l476xx.o(.text)
    I2C1_EV_IRQHandler                       0x080001b7   Thumb Code     0  startup_stm32l476xx.o(.text)
    I2C2_ER_IRQHandler                       0x080001b7   Thumb Code     0  startup_stm32l476xx.o(.text)
    I2C2_EV_IRQHandler                       0x080001b7   Thumb Code     0  startup_stm32l476xx.o(.text)
    LCD_IRQHandler                           0x080001b7   Thumb Code     0  startup_stm32l476xx.o(.text)
    LPTIM1_IRQHandler                        0x080001b7   Thumb Code     0  startup_stm32l476xx.o(.text)
    LPTIM2_IRQHandler                        0x080001b7   Thumb Code     0  startup_stm32l476xx.o(.text)
    LPUART1_IRQHandler                       0x080001b7   Thumb Code     0  startup_stm32l476xx.o(.text)
    PVD_PVM_IRQHandler                       0x080001b7   Thumb Code     0  startup_stm32l476xx.o(.text)
    QUADSPI_IRQHandler                       0x080001b7   Thumb Code     0  startup_stm32l476xx.o(.text)
    RCC_IRQHandler                           0x080001b7   Thumb Code     0  startup_stm32l476xx.o(.text)
    RNG_IRQHandler                           0x080001b7   Thumb Code     0  startup_stm32l476xx.o(.text)
    RTC_Alarm_IRQHandler                     0x080001b7   Thumb Code     0  startup_stm32l476xx.o(.text)
    RTC_WKUP_IRQHandler                      0x080001b7   Thumb Code     0  startup_stm32l476xx.o(.text)
    SAI1_IRQHandler                          0x080001b7   Thumb Code     0  startup_stm32l476xx.o(.text)
    SAI2_IRQHandler                          0x080001b7   Thumb Code     0  startup_stm32l476xx.o(.text)
    SDMMC1_IRQHandler                        0x080001b7   Thumb Code     0  startup_stm32l476xx.o(.text)
    SWPMI1_IRQHandler                        0x080001b7   Thumb Code     0  startup_stm32l476xx.o(.text)
    TAMP_STAMP_IRQHandler                    0x080001b7   Thumb Code     0  startup_stm32l476xx.o(.text)
    TIM1_BRK_TIM15_IRQHandler                0x080001b7   Thumb Code     0  startup_stm32l476xx.o(.text)
    TIM1_CC_IRQHandler                       0x080001b7   Thumb Code     0  startup_stm32l476xx.o(.text)
    TIM1_TRG_COM_TIM17_IRQHandler            0x080001b7   Thumb Code     0  startup_stm32l476xx.o(.text)
    TIM2_IRQHandler                          0x080001b7   Thumb Code     0  startup_stm32l476xx.o(.text)
    TIM3_IRQHandler                          0x080001b7   Thumb Code     0  startup_stm32l476xx.o(.text)
    TIM4_IRQHandler                          0x080001b7   Thumb Code     0  startup_stm32l476xx.o(.text)
    TIM5_IRQHandler                          0x080001b7   Thumb Code     0  startup_stm32l476xx.o(.text)
    TIM6_DAC_IRQHandler                      0x080001b7   Thumb Code     0  startup_stm32l476xx.o(.text)
    TIM7_IRQHandler                          0x080001b7   Thumb Code     0  startup_stm32l476xx.o(.text)
    TIM8_BRK_IRQHandler                      0x080001b7   Thumb Code     0  startup_stm32l476xx.o(.text)
    TIM8_CC_IRQHandler                       0x080001b7   Thumb Code     0  startup_stm32l476xx.o(.text)
    TIM8_TRG_COM_IRQHandler                  0x080001b7   Thumb Code     0  startup_stm32l476xx.o(.text)
    TIM8_UP_IRQHandler                       0x080001b7   Thumb Code     0  startup_stm32l476xx.o(.text)
    TSC_IRQHandler                           0x080001b7   Thumb Code     0  startup_stm32l476xx.o(.text)
    UART4_IRQHandler                         0x080001b7   Thumb Code     0  startup_stm32l476xx.o(.text)
    UART5_IRQHandler                         0x080001b7   Thumb Code     0  startup_stm32l476xx.o(.text)
    USART1_IRQHandler                        0x080001b7   Thumb Code     0  startup_stm32l476xx.o(.text)
    USART2_IRQHandler                        0x080001b7   Thumb Code     0  startup_stm32l476xx.o(.text)
    USART3_IRQHandler                        0x080001b7   Thumb Code     0  startup_stm32l476xx.o(.text)
    WWDG_IRQHandler                          0x080001b7   Thumb Code     0  startup_stm32l476xx.o(.text)
    __aeabi_memcpy                           0x080001c1   Thumb Code    36  memcpya.o(.text)
    __aeabi_memcpy4                          0x080001c1   Thumb Code     0  memcpya.o(.text)
    __aeabi_memcpy8                          0x080001c1   Thumb Code     0  memcpya.o(.text)
    __aeabi_memset                           0x080001e5   Thumb Code    14  memseta.o(.text)
    __aeabi_memset4                          0x080001e5   Thumb Code     0  memseta.o(.text)
    __aeabi_memset8                          0x080001e5   Thumb Code     0  memseta.o(.text)
    __aeabi_memclr                           0x080001f3   Thumb Code     4  memseta.o(.text)
    __aeabi_memclr4                          0x080001f3   Thumb Code     0  memseta.o(.text)
    __aeabi_memclr8                          0x080001f3   Thumb Code     0  memseta.o(.text)
    _memset$wrapper                          0x080001f7   Thumb Code    18  memseta.o(.text)
    __scatterload                            0x08000209   Thumb Code    28  init.o(.text)
    __scatterload_rt2                        0x08000209   Thumb Code     0  init.o(.text)
    __decompress                             0x0800022d   Thumb Code     0  __dczerorl2.o(.text)
    __decompress1                            0x0800022d   Thumb Code    86  __dczerorl2.o(.text)
    BSP_MOTION_SENSOR_Enable                 0x08000285   Thumb Code    76  bsp_motion_sensors.o(i.BSP_MOTION_SENSOR_Enable)
    BSP_MOTION_SENSOR_GetAxes                0x080002e1   Thumb Code    84  bsp_motion_sensors.o(i.BSP_MOTION_SENSOR_GetAxes)
    BusFault_Handler                         0x08000345   Thumb Code     4  stm32l4xx_it.o(i.BusFault_Handler)
    DFSDM1_FLT0_IRQHandler                   0x08000349   Thumb Code    10  stm32l4xx_it.o(i.DFSDM1_FLT0_IRQHandler)
    DFSDM1_FLT1_IRQHandler                   0x08000359   Thumb Code    10  stm32l4xx_it.o(i.DFSDM1_FLT1_IRQHandler)
    DMA1_Channel4_IRQHandler                 0x080003e9   Thumb Code    10  stm32l4xx_it.o(i.DMA1_Channel4_IRQHandler)
    DMA1_Channel5_IRQHandler                 0x080003f9   Thumb Code    10  stm32l4xx_it.o(i.DMA1_Channel5_IRQHandler)
    DebugMon_Handler                         0x08000409   Thumb Code     2  stm32l4xx_it.o(i.DebugMon_Handler)
    EXTI0_IRQHandler                         0x0800040b   Thumb Code    10  stm32l4xx_it.o(i.EXTI0_IRQHandler)
    EXTI9_5_IRQHandler                       0x08000415   Thumb Code    10  stm32l4xx_it.o(i.EXTI9_5_IRQHandler)
    Error_Handler                            0x08000425   Thumb Code     2  main.o(i.Error_Handler)
    FATFS_LinkDriver                         0x08000427   Thumb Code    18  ff_gen_drv.o(i.FATFS_LinkDriver)
    FATFS_LinkDriverEx                       0x08000439   Thumb Code    78  ff_gen_drv.o(i.FATFS_LinkDriverEx)
    HAL_DFSDM_ChannelCkabCallback            0x0800048d   Thumb Code     2  stm32l4xx_hal_dfsdm.o(i.HAL_DFSDM_ChannelCkabCallback)
    HAL_DFSDM_ChannelInit                    0x08000491   Thumb Code   278  stm32l4xx_hal_dfsdm.o(i.HAL_DFSDM_ChannelInit)
    HAL_DFSDM_ChannelMspInit                 0x080005b5   Thumb Code   180  stm32l4xx_hal_msp.o(i.HAL_DFSDM_ChannelMspInit)
    HAL_DFSDM_ChannelScdCallback             0x0800067d   Thumb Code     2  stm32l4xx_hal_dfsdm.o(i.HAL_DFSDM_ChannelScdCallback)
    HAL_DFSDM_FilterAwdCallback              0x0800067f   Thumb Code     2  stm32l4xx_hal_dfsdm.o(i.HAL_DFSDM_FilterAwdCallback)
    HAL_DFSDM_FilterConfigInjChannel         0x08000681   Thumb Code    60  stm32l4xx_hal_dfsdm.o(i.HAL_DFSDM_FilterConfigInjChannel)
    HAL_DFSDM_FilterConfigRegChannel         0x080006bd   Thumb Code    82  stm32l4xx_hal_dfsdm.o(i.HAL_DFSDM_FilterConfigRegChannel)
    HAL_DFSDM_FilterErrorCallback            0x08000715   Thumb Code     2  stm32l4xx_hal_dfsdm.o(i.HAL_DFSDM_FilterErrorCallback)
    HAL_DFSDM_FilterInit                     0x08000719   Thumb Code   304  stm32l4xx_hal_dfsdm.o(i.HAL_DFSDM_FilterInit)
    HAL_DFSDM_FilterInjConvCpltCallback      0x08000851   Thumb Code     2  stm32l4xx_hal_dfsdm.o(i.HAL_DFSDM_FilterInjConvCpltCallback)
    HAL_DFSDM_FilterMspInit                  0x08000855   Thumb Code   360  stm32l4xx_hal_msp.o(i.HAL_DFSDM_FilterMspInit)
    HAL_DFSDM_FilterRegConvCpltCallback      0x080009e1   Thumb Code     2  stm32l4xx_hal_dfsdm.o(i.HAL_DFSDM_FilterRegConvCpltCallback)
    HAL_DFSDM_IRQHandler                     0x080009e5   Thumb Code   492  stm32l4xx_hal_dfsdm.o(i.HAL_DFSDM_IRQHandler)
    HAL_DMA_Abort_IT                         0x08000bd9   Thumb Code    92  stm32l4xx_hal_dma.o(i.HAL_DMA_Abort_IT)
    HAL_DMA_IRQHandler                       0x08000c35   Thumb Code   254  stm32l4xx_hal_dma.o(i.HAL_DMA_IRQHandler)
    HAL_DMA_Init                             0x08000d35   Thumb Code   258  stm32l4xx_hal_dma.o(i.HAL_DMA_Init)
    HAL_Delay                                0x08000e41   Thumb Code    32  stm32l4xx_hal.o(i.HAL_Delay)
    HAL_EXTI_IRQHandler                      0x08000e61   Thumb Code    46  stm32l4xx_hal_exti.o(i.HAL_EXTI_IRQHandler)
    HAL_GPIO_EXTI_Callback                   0x08000e95   Thumb Code     2  stm32l4xx_hal_gpio.o(i.HAL_GPIO_EXTI_Callback)
    HAL_GPIO_EXTI_IRQHandler                 0x08000e99   Thumb Code    24  stm32l4xx_hal_gpio.o(i.HAL_GPIO_EXTI_IRQHandler)
    HAL_GPIO_Init                            0x08000eb5   Thumb Code   480  stm32l4xx_hal_gpio.o(i.HAL_GPIO_Init)
    HAL_GPIO_WritePin                        0x080010b9   Thumb Code    10  stm32l4xx_hal_gpio.o(i.HAL_GPIO_WritePin)
    HAL_GetTick                              0x080010c5   Thumb Code     6  stm32l4xx_hal.o(i.HAL_GetTick)
    HAL_I2CEx_ConfigAnalogFilter             0x080010d1   Thumb Code   106  stm32l4xx_hal_i2c_ex.o(i.HAL_I2CEx_ConfigAnalogFilter)
    HAL_I2CEx_ConfigDigitalFilter            0x0800113b   Thumb Code   104  stm32l4xx_hal_i2c_ex.o(i.HAL_I2CEx_ConfigDigitalFilter)
    HAL_I2C_AbortCpltCallback                0x080011a3   Thumb Code     2  stm32l4xx_hal_i2c.o(i.HAL_I2C_AbortCpltCallback)
    HAL_I2C_AddrCallback                     0x080011a5   Thumb Code     2  stm32l4xx_hal_i2c.o(i.HAL_I2C_AddrCallback)
    HAL_I2C_ER_IRQHandler                    0x080011a7   Thumb Code   118  stm32l4xx_hal_i2c.o(i.HAL_I2C_ER_IRQHandler)
    HAL_I2C_EV_IRQHandler                    0x0800121d   Thumb Code    28  stm32l4xx_hal_i2c.o(i.HAL_I2C_EV_IRQHandler)
    HAL_I2C_ErrorCallback                    0x08001239   Thumb Code     2  stm32l4xx_hal_i2c.o(i.HAL_I2C_ErrorCallback)
    HAL_I2C_Init                             0x0800123d   Thumb Code   192  stm32l4xx_hal_i2c.o(i.HAL_I2C_Init)
    HAL_I2C_ListenCpltCallback               0x08001301   Thumb Code     2  stm32l4xx_hal_i2c.o(i.HAL_I2C_ListenCpltCallback)
    HAL_I2C_MspInit                          0x08001305   Thumb Code   142  stm32l4xx_hal_msp.o(i.HAL_I2C_MspInit)
    HAL_I2C_SlaveRxCpltCallback              0x080013a1   Thumb Code     2  stm32l4xx_hal_i2c.o(i.HAL_I2C_SlaveRxCpltCallback)
    HAL_I2C_SlaveTxCpltCallback              0x080013a3   Thumb Code     2  stm32l4xx_hal_i2c.o(i.HAL_I2C_SlaveTxCpltCallback)
    HAL_IncTick                              0x080013a5   Thumb Code    12  stm32l4xx_hal.o(i.HAL_IncTick)
    HAL_Init                                 0x080013b5   Thumb Code    30  stm32l4xx_hal.o(i.HAL_Init)
    HAL_InitTick                             0x080013d5   Thumb Code   118  stm32l4xx_hal_timebase_tim.o(i.HAL_InitTick)
    HAL_MspInit                              0x0800145d   Thumb Code    58  stm32l4xx_hal_msp.o(i.HAL_MspInit)
    HAL_NVIC_EnableIRQ                       0x0800149d   Thumb Code    26  stm32l4xx_hal_cortex.o(i.HAL_NVIC_EnableIRQ)
    HAL_NVIC_SetPriority                     0x080014b7   Thumb Code   124  stm32l4xx_hal_cortex.o(i.HAL_NVIC_SetPriority)
    HAL_NVIC_SetPriorityGrouping             0x08001539   Thumb Code    32  stm32l4xx_hal_cortex.o(i.HAL_NVIC_SetPriorityGrouping)
    HAL_PCDEx_ActivateBCD                    0x08001561   Thumb Code    22  stm32l4xx_hal_pcd_ex.o(i.HAL_PCDEx_ActivateBCD)
    HAL_PCDEx_ActivateLPM                    0x08001579   Thumb Code    36  stm32l4xx_hal_pcd_ex.o(i.HAL_PCDEx_ActivateLPM)
    HAL_PCDEx_LPM_Callback                   0x080015a1   Thumb Code   106  usbd_conf.o(i.HAL_PCDEx_LPM_Callback)
    HAL_PCDEx_SetRxFiFo                      0x08001611   Thumb Code    10  stm32l4xx_hal_pcd_ex.o(i.HAL_PCDEx_SetRxFiFo)
    HAL_PCDEx_SetTxFiFo                      0x0800161b   Thumb Code    78  stm32l4xx_hal_pcd_ex.o(i.HAL_PCDEx_SetTxFiFo)
    HAL_PCD_ConnectCallback                  0x08001669   Thumb Code    14  usbd_conf.o(i.HAL_PCD_ConnectCallback)
    HAL_PCD_DataInStageCallback              0x08001677   Thumb Code    32  usbd_conf.o(i.HAL_PCD_DataInStageCallback)
    HAL_PCD_DataOutStageCallback             0x08001697   Thumb Code    32  usbd_conf.o(i.HAL_PCD_DataOutStageCallback)
    HAL_PCD_DisconnectCallback               0x080016b7   Thumb Code    14  usbd_conf.o(i.HAL_PCD_DisconnectCallback)
    HAL_PCD_EP_Close                         0x080016c5   Thumb Code   106  stm32l4xx_hal_pcd.o(i.HAL_PCD_EP_Close)
    HAL_PCD_EP_ClrStall                      0x0800172f   Thumb Code   124  stm32l4xx_hal_pcd.o(i.HAL_PCD_EP_ClrStall)
    HAL_PCD_EP_Flush                         0x080017ab   Thumb Code    68  stm32l4xx_hal_pcd.o(i.HAL_PCD_EP_Flush)
    HAL_PCD_EP_GetRxCount                    0x080017ef   Thumb Code    24  stm32l4xx_hal_pcd.o(i.HAL_PCD_EP_GetRxCount)
    HAL_PCD_EP_Open                          0x08001807   Thumb Code   140  stm32l4xx_hal_pcd.o(i.HAL_PCD_EP_Open)
    HAL_PCD_EP_Receive                       0x08001893   Thumb Code    76  stm32l4xx_hal_pcd.o(i.HAL_PCD_EP_Receive)
    HAL_PCD_EP_SetStall                      0x080018df   Thumb Code   136  stm32l4xx_hal_pcd.o(i.HAL_PCD_EP_SetStall)
    HAL_PCD_EP_Transmit                      0x08001967   Thumb Code    78  stm32l4xx_hal_pcd.o(i.HAL_PCD_EP_Transmit)
    HAL_PCD_IRQHandler                       0x080019b5   Thumb Code  1642  stm32l4xx_hal_pcd.o(i.HAL_PCD_IRQHandler)
    HAL_PCD_ISOINIncompleteCallback          0x0800203b   Thumb Code    18  usbd_conf.o(i.HAL_PCD_ISOINIncompleteCallback)
    HAL_PCD_ISOOUTIncompleteCallback         0x0800204d   Thumb Code    18  usbd_conf.o(i.HAL_PCD_ISOOUTIncompleteCallback)
    HAL_PCD_Init                             0x0800205f   Thumb Code   340  stm32l4xx_hal_pcd.o(i.HAL_PCD_Init)
    HAL_PCD_MspInit                          0x080021b5   Thumb Code   152  usbd_conf.o(i.HAL_PCD_MspInit)
    HAL_PCD_ResetCallback                    0x08002251   Thumb Code    42  usbd_conf.o(i.HAL_PCD_ResetCallback)
    HAL_PCD_ResumeCallback                   0x0800227d   Thumb Code    50  usbd_conf.o(i.HAL_PCD_ResumeCallback)
    HAL_PCD_SOFCallback                      0x080022b5   Thumb Code    14  usbd_conf.o(i.HAL_PCD_SOFCallback)
    HAL_PCD_SetAddress                       0x080022c3   Thumb Code    54  stm32l4xx_hal_pcd.o(i.HAL_PCD_SetAddress)
    HAL_PCD_SetupStageCallback               0x080022f9   Thumb Code    18  usbd_conf.o(i.HAL_PCD_SetupStageCallback)
    HAL_PCD_Start                            0x0800230b   Thumb Code    52  stm32l4xx_hal_pcd.o(i.HAL_PCD_Start)
    HAL_PCD_SuspendCallback                  0x08002341   Thumb Code    46  usbd_conf.o(i.HAL_PCD_SuspendCallback)
    HAL_PWREx_ControlVoltageScaling          0x08002375   Thumb Code   128  stm32l4xx_hal_pwr_ex.o(i.HAL_PWREx_ControlVoltageScaling)
    HAL_PWREx_EnableVddUSB                   0x08002401   Thumb Code    14  stm32l4xx_hal_pwr_ex.o(i.HAL_PWREx_EnableVddUSB)
    HAL_PWREx_GetVoltageRange                0x08002415   Thumb Code    10  stm32l4xx_hal_pwr_ex.o(i.HAL_PWREx_GetVoltageRange)
    HAL_RCCEx_PeriphCLKConfig                0x08002425   Thumb Code  1230  stm32l4xx_hal_rcc_ex.o(i.HAL_RCCEx_PeriphCLKConfig)
    HAL_RCC_ClockConfig                      0x080028f9   Thumb Code   358  stm32l4xx_hal_rcc.o(i.HAL_RCC_ClockConfig)
    HAL_RCC_GetClockConfig                   0x08002a71   Thumb Code    58  stm32l4xx_hal_rcc.o(i.HAL_RCC_GetClockConfig)
    HAL_RCC_GetHCLKFreq                      0x08002ab5   Thumb Code     6  stm32l4xx_hal_rcc.o(i.HAL_RCC_GetHCLKFreq)
    HAL_RCC_GetPCLK2Freq                     0x08002ac1   Thumb Code    26  stm32l4xx_hal_rcc.o(i.HAL_RCC_GetPCLK2Freq)
    HAL_RCC_GetSysClockFreq                  0x08002ae5   Thumb Code   266  stm32l4xx_hal_rcc.o(i.HAL_RCC_GetSysClockFreq)
    HAL_RCC_OscConfig                        0x08002c01   Thumb Code  1536  stm32l4xx_hal_rcc.o(i.HAL_RCC_OscConfig)
    HAL_SPI_ErrorCallback                    0x0800320d   Thumb Code     2  stm32l4xx_hal_spi.o(i.HAL_SPI_ErrorCallback)
    HAL_SPI_IRQHandler                       0x08003211   Thumb Code   342  stm32l4xx_hal_spi.o(i.HAL_SPI_IRQHandler)
    HAL_SPI_Init                             0x0800336d   Thumb Code   192  stm32l4xx_hal_spi.o(i.HAL_SPI_Init)
    HAL_SPI_MspInit                          0x0800342d   Thumb Code   182  stm32l4xx_hal_msp.o(i.HAL_SPI_MspInit)
    HAL_TIMEx_Break2Callback                 0x080034f1   Thumb Code     2  stm32l4xx_hal_tim_ex.o(i.HAL_TIMEx_Break2Callback)
    HAL_TIMEx_BreakCallback                  0x080034f3   Thumb Code     2  stm32l4xx_hal_tim_ex.o(i.HAL_TIMEx_BreakCallback)
    HAL_TIMEx_CommutationCallback            0x080034f5   Thumb Code     2  stm32l4xx_hal_tim_ex.o(i.HAL_TIMEx_CommutationCallback)
    HAL_TIM_Base_Init                        0x080034f7   Thumb Code    52  stm32l4xx_hal_tim.o(i.HAL_TIM_Base_Init)
    HAL_TIM_Base_MspInit                     0x0800352b   Thumb Code     2  stm32l4xx_hal_tim.o(i.HAL_TIM_Base_MspInit)
    HAL_TIM_Base_Start_IT                    0x0800352d   Thumb Code    62  stm32l4xx_hal_tim.o(i.HAL_TIM_Base_Start_IT)
    HAL_TIM_IC_CaptureCallback               0x08003571   Thumb Code     2  stm32l4xx_hal_tim.o(i.HAL_TIM_IC_CaptureCallback)
    HAL_TIM_IRQHandler                       0x08003573   Thumb Code   440  stm32l4xx_hal_tim.o(i.HAL_TIM_IRQHandler)
    HAL_TIM_OC_DelayElapsedCallback          0x0800372b   Thumb Code     2  stm32l4xx_hal_tim.o(i.HAL_TIM_OC_DelayElapsedCallback)
    HAL_TIM_PWM_PulseFinishedCallback        0x0800372d   Thumb Code     2  stm32l4xx_hal_tim.o(i.HAL_TIM_PWM_PulseFinishedCallback)
    HAL_TIM_PeriodElapsedCallback            0x08003731   Thumb Code    18  main.o(i.HAL_TIM_PeriodElapsedCallback)
    HAL_TIM_TriggerCallback                  0x08003749   Thumb Code     2  stm32l4xx_hal_tim.o(i.HAL_TIM_TriggerCallback)
    HardFault_Handler                        0x0800374b   Thumb Code     4  stm32l4xx_it.o(i.HardFault_Handler)
    I2C3_ER_IRQHandler                       0x08003751   Thumb Code    10  stm32l4xx_it.o(i.I2C3_ER_IRQHandler)
    I2C3_EV_IRQHandler                       0x08003761   Thumb Code    10  stm32l4xx_it.o(i.I2C3_EV_IRQHandler)
    MSC_BOT_CplClrFeature                    0x08003e79   Thumb Code    60  usbd_msc_bot.o(i.MSC_BOT_CplClrFeature)
    MSC_BOT_DataIn                           0x08003eb5   Thumb Code    74  usbd_msc_bot.o(i.MSC_BOT_DataIn)
    MSC_BOT_DataOut                          0x08003eff   Thumb Code    64  usbd_msc_bot.o(i.MSC_BOT_DataOut)
    MSC_BOT_DeInit                           0x08003f3f   Thumb Code    10  usbd_msc_bot.o(i.MSC_BOT_DeInit)
    MSC_BOT_Init                             0x08003f49   Thumb Code    64  usbd_msc_bot.o(i.MSC_BOT_Init)
    MSC_BOT_Reset                            0x08003f89   Thumb Code    32  usbd_msc_bot.o(i.MSC_BOT_Reset)
    MSC_BOT_SendCSW                          0x08003fa9   Thumb Code    56  usbd_msc_bot.o(i.MSC_BOT_SendCSW)
    MX_BlueNRG_MS_Init                       0x08004033   Thumb Code     2  app_x-cube-ble1.o(i.MX_BlueNRG_MS_Init)
    MX_BlueNRG_MS_Process                    0x08004035   Thumb Code     2  app_x-cube-ble1.o(i.MX_BlueNRG_MS_Process)
    MX_FATFS_Init                            0x080041d9   Thumb Code    16  fatfs.o(i.MX_FATFS_Init)
    MX_MEMS_Init                             0x08004429   Thumb Code     2  app_mems-library.o(i.MX_MEMS_Init)
    MX_MEMS_Process                          0x0800442d   Thumb Code   112  app_mems-library.o(i.MX_MEMS_Process)
    MX_USB_DEVICE_Init                       0x080044f9   Thumb Code    44  usb_device.o(i.MX_USB_DEVICE_Init)
    MemManage_Handler                        0x08004535   Thumb Code     4  stm32l4xx_it.o(i.MemManage_Handler)
    NMI_Handler                              0x08004539   Thumb Code     2  stm32l4xx_it.o(i.NMI_Handler)
    OTG_FS_IRQHandler                        0x08004575   Thumb Code    10  stm32l4xx_it.o(i.OTG_FS_IRQHandler)
    PendSV_Handler                           0x08004639   Thumb Code     2  stm32l4xx_it.o(i.PendSV_Handler)
    SCSI_ProcessCmd                          0x08004ab9   Thumb Code   238  usbd_msc_scsi.o(i.SCSI_ProcessCmd)
    SCSI_SenseCode                           0x08004f83   Thumb Code    64  usbd_msc_scsi.o(i.SCSI_SenseCode)
    SPI1_IRQHandler                          0x080051a5   Thumb Code    10  stm32l4xx_it.o(i.SPI1_IRQHandler)
    SPI2_IRQHandler                          0x080051b5   Thumb Code    10  stm32l4xx_it.o(i.SPI2_IRQHandler)
    SPI3_IRQHandler                          0x080051c5   Thumb Code    10  stm32l4xx_it.o(i.SPI3_IRQHandler)
    SVC_Handler                              0x08005221   Thumb Code     2  stm32l4xx_it.o(i.SVC_Handler)
    SysTick_Handler                          0x08005223   Thumb Code     2  stm32l4xx_it.o(i.SysTick_Handler)
    SystemClock_Config                       0x0800522d   Thumb Code   182  main.o(i.SystemClock_Config)
    SystemInit                               0x080052e9   Thumb Code    68  system_stm32l4xx.o(i.SystemInit)
    TIM1_UP_TIM16_IRQHandler                 0x08005339   Thumb Code    10  stm32l4xx_it.o(i.TIM1_UP_TIM16_IRQHandler)
    TIM_Base_SetConfig                       0x08005349   Thumb Code   170  stm32l4xx_hal_tim.o(i.TIM_Base_SetConfig)
    USBD_ClrClassConfig                      0x08005415   Thumb Code    22  usbd_core.o(i.USBD_ClrClassConfig)
    USBD_CtlContinueRx                       0x08005469   Thumb Code    24  usbd_ioreq.o(i.USBD_CtlContinueRx)
    USBD_CtlContinueSendData                 0x08005481   Thumb Code    24  usbd_ioreq.o(i.USBD_CtlContinueSendData)
    USBD_CtlError                            0x08005499   Thumb Code    24  usbd_ctlreq.o(i.USBD_CtlError)
    USBD_CtlReceiveStatus                    0x080054b1   Thumb Code    26  usbd_ioreq.o(i.USBD_CtlReceiveStatus)
    USBD_CtlSendData                         0x080054cb   Thumb Code    34  usbd_ioreq.o(i.USBD_CtlSendData)
    USBD_CtlSendStatus                       0x080054ed   Thumb Code    26  usbd_ioreq.o(i.USBD_CtlSendStatus)
    USBD_FS_ConfigStrDescriptor              0x08005509   Thumb Code    34  usbd_desc.o(i.USBD_FS_ConfigStrDescriptor)
    USBD_FS_DeviceDescriptor                 0x0800553d   Thumb Code    10  usbd_desc.o(i.USBD_FS_DeviceDescriptor)
    USBD_FS_InterfaceStrDescriptor           0x0800554d   Thumb Code    34  usbd_desc.o(i.USBD_FS_InterfaceStrDescriptor)
    USBD_FS_LangIDStrDescriptor              0x08005585   Thumb Code    10  usbd_desc.o(i.USBD_FS_LangIDStrDescriptor)
    USBD_FS_ManufacturerStrDescriptor        0x08005595   Thumb Code    20  usbd_desc.o(i.USBD_FS_ManufacturerStrDescriptor)
    USBD_FS_ProductStrDescriptor             0x080055c1   Thumb Code    34  usbd_desc.o(i.USBD_FS_ProductStrDescriptor)
    USBD_FS_SerialStrDescriptor              0x080055fd   Thumb Code    34  usbd_desc.o(i.USBD_FS_SerialStrDescriptor)
    USBD_FS_USR_BOSDescriptor                0x08005635   Thumb Code    10  usbd_desc.o(i.USBD_FS_USR_BOSDescriptor)
    USBD_GetString                           0x08005879   Thumb Code    82  usbd_ctlreq.o(i.USBD_GetString)
    USBD_Init                                0x080058cb   Thumb Code    50  usbd_core.o(i.USBD_Init)
    USBD_LL_BatteryCharging                  0x080058fd   Thumb Code    20  usbd_conf.o(i.USBD_LL_BatteryCharging)
    USBD_LL_ClearStallEP                     0x08005911   Thumb Code    68  usbd_conf.o(i.USBD_LL_ClearStallEP)
    USBD_LL_CloseEP                          0x08005955   Thumb Code    68  usbd_conf.o(i.USBD_LL_CloseEP)
    USBD_LL_DataInStage                      0x08005999   Thumb Code   256  usbd_core.o(i.USBD_LL_DataInStage)
    USBD_LL_DataOutStage                     0x08005a99   Thumb Code   160  usbd_core.o(i.USBD_LL_DataOutStage)
    USBD_LL_DevConnected                     0x08005b39   Thumb Code     6  usbd_core.o(i.USBD_LL_DevConnected)
    USBD_LL_DevDisconnected                  0x08005b3f   Thumb Code    26  usbd_core.o(i.USBD_LL_DevDisconnected)
    USBD_LL_FlushEP                          0x08005b59   Thumb Code    68  usbd_conf.o(i.USBD_LL_FlushEP)
    USBD_LL_GetRxDataSize                    0x08005b9d   Thumb Code    18  usbd_conf.o(i.USBD_LL_GetRxDataSize)
    USBD_LL_Init                             0x08005bb1   Thumb Code   102  usbd_conf.o(i.USBD_LL_Init)
    USBD_LL_IsStallEP                        0x08005c1d   Thumb Code    56  usbd_conf.o(i.USBD_LL_IsStallEP)
    USBD_LL_IsoINIncomplete                  0x08005c55   Thumb Code     6  usbd_core.o(i.USBD_LL_IsoINIncomplete)
    USBD_LL_IsoOUTIncomplete                 0x08005c5b   Thumb Code     6  usbd_core.o(i.USBD_LL_IsoOUTIncomplete)
    USBD_LL_OpenEP                           0x08005c61   Thumb Code    98  usbd_conf.o(i.USBD_LL_OpenEP)
    USBD_LL_PrepareReceive                   0x08005cc3   Thumb Code    98  usbd_conf.o(i.USBD_LL_PrepareReceive)
    USBD_LL_Reset                            0x08005d25   Thumb Code    92  usbd_core.o(i.USBD_LL_Reset)
    USBD_LL_Resume                           0x08005d81   Thumb Code    14  usbd_core.o(i.USBD_LL_Resume)
    USBD_LL_SOF                              0x08005d8f   Thumb Code    34  usbd_core.o(i.USBD_LL_SOF)
    USBD_LL_SetSpeed                         0x08005db1   Thumb Code     8  usbd_core.o(i.USBD_LL_SetSpeed)
    USBD_LL_SetUSBAddress                    0x08005db9   Thumb Code    68  usbd_conf.o(i.USBD_LL_SetUSBAddress)
    USBD_LL_SetupStage                       0x08005dfd   Thumb Code   110  usbd_core.o(i.USBD_LL_SetupStage)
    USBD_LL_StallEP                          0x08005e6b   Thumb Code    68  usbd_conf.o(i.USBD_LL_StallEP)
    USBD_LL_Start                            0x08005eaf   Thumb Code    60  usbd_conf.o(i.USBD_LL_Start)
    USBD_LL_Suspend                          0x08005eeb   Thumb Code    20  usbd_core.o(i.USBD_LL_Suspend)
    USBD_LL_Transmit                         0x08005eff   Thumb Code    98  usbd_conf.o(i.USBD_LL_Transmit)
    USBD_MSC_DataIn                          0x08005f61   Thumb Code    18  usbd_msc.o(i.USBD_MSC_DataIn)
    USBD_MSC_DataOut                         0x08005f73   Thumb Code    18  usbd_msc.o(i.USBD_MSC_DataOut)
    USBD_MSC_DeInit                          0x08005f85   Thumb Code    62  usbd_msc.o(i.USBD_MSC_DeInit)
    USBD_MSC_GetDeviceQualifierDescriptor    0x08005fc5   Thumb Code    10  usbd_msc.o(i.USBD_MSC_GetDeviceQualifierDescriptor)
    USBD_MSC_GetFSCfgDesc                    0x08005fd5   Thumb Code    10  usbd_msc.o(i.USBD_MSC_GetFSCfgDesc)
    USBD_MSC_GetHSCfgDesc                    0x08005fe5   Thumb Code    10  usbd_msc.o(i.USBD_MSC_GetHSCfgDesc)
    USBD_MSC_GetOtherSpeedCfgDesc            0x08005ff5   Thumb Code    10  usbd_msc.o(i.USBD_MSC_GetOtherSpeedCfgDesc)
    USBD_MSC_Init                            0x08006005   Thumb Code   114  usbd_msc.o(i.USBD_MSC_Init)
    USBD_MSC_RegisterStorage                 0x08006077   Thumb Code    12  usbd_msc.o(i.USBD_MSC_RegisterStorage)
    USBD_MSC_Setup                           0x08006083   Thumb Code   452  usbd_msc.o(i.USBD_MSC_Setup)
    USBD_ParseSetupRequest                   0x08006247   Thumb Code    40  usbd_ctlreq.o(i.USBD_ParseSetupRequest)
    USBD_RegisterClass                       0x0800626f   Thumb Code    16  usbd_core.o(i.USBD_RegisterClass)
    USBD_RunTestMode                         0x0800627f   Thumb Code     6  usbd_core.o(i.USBD_RunTestMode)
    USBD_SetClassConfig                      0x080062df   Thumb Code    34  usbd_core.o(i.USBD_SetClassConfig)
    USBD_Start                               0x08006401   Thumb Code    14  usbd_core.o(i.USBD_Start)
    USBD_StdDevReq                           0x0800640f   Thumb Code   162  usbd_ctlreq.o(i.USBD_StdDevReq)
    USBD_StdEPReq                            0x080064b1   Thumb Code   568  usbd_ctlreq.o(i.USBD_StdEPReq)
    USBD_StdItfReq                           0x080066e9   Thumb Code   126  usbd_ctlreq.o(i.USBD_StdItfReq)
    USBD_static_free                         0x08006767   Thumb Code     2  usbd_conf.o(i.USBD_static_free)
    USBD_static_malloc                       0x08006769   Thumb Code     6  usbd_conf.o(i.USBD_static_malloc)
    USB_ActivateEndpoint                     0x08006775   Thumb Code   202  stm32l4xx_ll_usb.o(i.USB_ActivateEndpoint)
    USB_ActivateSetup                        0x08006845   Thumb Code    70  stm32l4xx_ll_usb.o(i.USB_ActivateSetup)
    USB_CoreInit                             0x0800688d   Thumb Code    86  stm32l4xx_ll_usb.o(i.USB_CoreInit)
    USB_DeactivateEndpoint                   0x08006935   Thumb Code   182  stm32l4xx_ll_usb.o(i.USB_DeactivateEndpoint)
    USB_DevConnect                           0x080069f9   Thumb Code    32  stm32l4xx_ll_usb.o(i.USB_DevConnect)
    USB_DevDisconnect                        0x08006a19   Thumb Code    32  stm32l4xx_ll_usb.o(i.USB_DevDisconnect)
    USB_DevInit                              0x08006a39   Thumb Code   402  stm32l4xx_ll_usb.o(i.USB_DevInit)
    USB_DisableGlobalInt                     0x08006bd5   Thumb Code    14  stm32l4xx_ll_usb.o(i.USB_DisableGlobalInt)
    USB_EP0StartXfer                         0x08006be5   Thumb Code   398  stm32l4xx_ll_usb.o(i.USB_EP0StartXfer)
    USB_EP0_OutStart                         0x08006d79   Thumb Code    56  stm32l4xx_ll_usb.o(i.USB_EP0_OutStart)
    USB_EPClearStall                         0x08006db1   Thumb Code   142  stm32l4xx_ll_usb.o(i.USB_EPClearStall)
    USB_EPSetStall                           0x08006e3f   Thumb Code   154  stm32l4xx_ll_usb.o(i.USB_EPSetStall)
    USB_EPStartXfer                          0x08006ed9   Thumb Code   698  stm32l4xx_ll_usb.o(i.USB_EPStartXfer)
    USB_EnableGlobalInt                      0x08007199   Thumb Code    14  stm32l4xx_ll_usb.o(i.USB_EnableGlobalInt)
    USB_FlushRxFifo                          0x080071a9   Thumb Code    38  stm32l4xx_ll_usb.o(i.USB_FlushRxFifo)
    USB_FlushTxFifo                          0x080071d5   Thumb Code    44  stm32l4xx_ll_usb.o(i.USB_FlushTxFifo)
    USB_GetMode                              0x08007205   Thumb Code    10  stm32l4xx_ll_usb.o(i.USB_GetMode)
    USB_ReadDevAllInEpInterrupt              0x0800720f   Thumb Code    20  stm32l4xx_ll_usb.o(i.USB_ReadDevAllInEpInterrupt)
    USB_ReadDevAllOutEpInterrupt             0x08007223   Thumb Code    20  stm32l4xx_ll_usb.o(i.USB_ReadDevAllOutEpInterrupt)
    USB_ReadDevInEPInterrupt                 0x08007237   Thumb Code    50  stm32l4xx_ll_usb.o(i.USB_ReadDevInEPInterrupt)
    USB_ReadDevOutEPInterrupt                0x08007269   Thumb Code    26  stm32l4xx_ll_usb.o(i.USB_ReadDevOutEPInterrupt)
    USB_ReadInterrupts                       0x08007283   Thumb Code    10  stm32l4xx_ll_usb.o(i.USB_ReadInterrupts)
    USB_ReadPacket                           0x0800728d   Thumb Code    34  stm32l4xx_ll_usb.o(i.USB_ReadPacket)
    USB_SetCurrentMode                       0x080072af   Thumb Code    54  stm32l4xx_ll_usb.o(i.USB_SetCurrentMode)
    USB_SetDevAddress                        0x080072e5   Thumb Code    42  stm32l4xx_ll_usb.o(i.USB_SetDevAddress)
    USB_SetDevSpeed                          0x0800730f   Thumb Code    18  stm32l4xx_ll_usb.o(i.USB_SetDevSpeed)
    USB_WritePacket                          0x08007321   Thumb Code    48  stm32l4xx_ll_usb.o(i.USB_WritePacket)
    USER_initialize                          0x08007351   Thumb Code    14  user_diskio.o(i.USER_initialize)
    USER_ioctl                               0x08007365   Thumb Code     8  user_diskio.o(i.USER_ioctl)
    USER_read                                0x0800736d   Thumb Code     8  user_diskio.o(i.USER_read)
    USER_status                              0x08007375   Thumb Code    14  user_diskio.o(i.USER_status)
    USER_write                               0x08007389   Thumb Code     8  user_diskio.o(i.USER_write)
    UsageFault_Handler                       0x08007391   Thumb Code     4  stm32l4xx_it.o(i.UsageFault_Handler)
    __scatterload_copy                       0x08007395   Thumb Code    14  handlers.o(i.__scatterload_copy)
    __scatterload_null                       0x080073a3   Thumb Code     2  handlers.o(i.__scatterload_null)
    __scatterload_zeroinit                   0x080073a5   Thumb Code    14  handlers.o(i.__scatterload_zeroinit)
    main                                     0x080073b3   Thumb Code    56  main.o(i.main)
    STORAGE_Inquirydata_FS                   0x080073ea   Data          36  usbd_storage_if.o(.constdata)
    AHBPrescTable                            0x08007410   Data          16  system_stm32l4xx.o(.constdata)
    APBPrescTable                            0x08007420   Data           8  system_stm32l4xx.o(.constdata)
    MSIRangeTable                            0x08007428   Data          48  system_stm32l4xx.o(.constdata)
    MSC_Page00_Inquiry_Data                  0x08007458   Data           7  usbd_msc_data.o(.constdata)
    MSC_Mode_Sense6_data                     0x0800745f   Data           8  usbd_msc_data.o(.constdata)
    MSC_Mode_Sense10_data                    0x08007467   Data           8  usbd_msc_data.o(.constdata)
    Region$$Table$$Base                      0x08007470   Number         0  anon$$obj.o(Region$$Table)
    Region$$Table$$Limit                     0x08007490   Number         0  anon$$obj.o(Region$$Table)
    USER_Driver                              0x20000004   Data          20  user_diskio.o(.data)
    retUSER                                  0x20000018   Data           1  fatfs.o(.data)
    USERPath                                 0x20000019   Data           4  fatfs.o(.data)
    MotionCompObj                            0x20000020   Data           4  bsp_motion_sensors.o(.data)
    get_ID                                   0x20000040   Data           1  app_mems-library.o(.data)
    x                                        0x20000044   Data           4  app_mems-library.o(.data)
    y                                        0x20000048   Data           4  app_mems-library.o(.data)
    z                                        0x2000004c   Data           4  app_mems-library.o(.data)
    Sens                                     0x20000050   Data           4  app_mems-library.o(.data)
    FS_Desc                                  0x20000054   Data          32  usbd_desc.o(.data)
    USBD_FS_DeviceDesc                       0x20000074   Data          18  usbd_desc.o(.data)
    USBD_FS_BOSDesc                          0x20000088   Data          12  usbd_desc.o(.data)
    USBD_LangIDDesc                          0x20000094   Data           4  usbd_desc.o(.data)
    USBD_Storage_Interface_fops_FS           0x20000098   Data          32  usbd_storage_if.o(.data)
    uwTick                                   0x200000c4   Data           4  stm32l4xx_hal.o(.data)
    SystemCoreClock                          0x200000c8   Data           4  system_stm32l4xx.o(.data)
    USBD_MSC                                 0x200000d0   Data          56  usbd_msc.o(.data)
    USBD_MSC_CfgHSDesc                       0x20000108   Data          32  usbd_msc.o(.data)
    USBD_MSC_CfgFSDesc                       0x20000128   Data          32  usbd_msc.o(.data)
    USBD_MSC_OtherSpeedCfgDesc               0x20000148   Data          32  usbd_msc.o(.data)
    USBD_MSC_DeviceQualifierDesc             0x20000168   Data          10  usbd_msc.o(.data)
    hdfsdm1_filter0                          0x20000174   Data          84  main.o(.bss)
    hdfsdm1_filter1                          0x200001c8   Data          84  main.o(.bss)
    hdfsdm1_channel6                         0x2000021c   Data          56  main.o(.bss)
    hdfsdm1_channel7                         0x20000254   Data          56  main.o(.bss)
    hdma_dfsdm1_flt0                         0x2000028c   Data          72  main.o(.bss)
    hdma_dfsdm1_flt1                         0x200002d4   Data          72  main.o(.bss)
    hi2c3                                    0x2000031c   Data          76  main.o(.bss)
    hspi3                                    0x20000368   Data         100  main.o(.bss)
    hexti5                                   0x200003cc   Data          12  hci_tl_interface.o(.bss)
    AccelData                                0x20000514   Data          12  app_mems-library.o(.bss)
    MyData                                   0x20000520   Data          12  app_mems-library.o(.bss)
    hUsbDeviceFS                             0x2000052c   Data         668  usb_device.o(.bss)
    hpcd_USB_OTG_FS                          0x200007c8   Data        1032  usbd_conf.o(.bss)
    USBD_StrDesc                             0x20000e40   Data         512  usbd_desc.o(.bss)
    hspi1                                    0x20001040   Data         100  custom_bus.o(.bss)
    hspi2                                    0x200010a4   Data         100  custom_bus.o(.bss)
    htim1                                    0x20001108   Data          64  stm32l4xx_hal_timebase_tim.o(.bss)
    disk                                     0x20001168   Data          12  ff_gen_drv.o(.bss)
    __initial_sp                             0x20001578   Data           0  startup_stm32l476xx.o(STACK)



==============================================================================

Memory Map of the image

  Image Entry point : 0x08000189

  Load Region LR_IROM1 (Base: 0x08000000, Size: 0x00007604, Max: 0x00100000, ABSOLUTE, COMPRESSED[0x00007558])

    Execution Region ER_IROM1 (Exec base: 0x08000000, Load base: 0x08000000, Size: 0x00007490, Max: 0x00100000, ABSOLUTE)

    Exec Addr    Load Addr    Size         Type   Attr      Idx    E Section Name        Object

    0x08000000   0x08000000   0x00000188   Data   RO            3    RESET               startup_stm32l476xx.o
    0x08000188   0x08000188   0x00000000   Code   RO        13081  * .ARM.Collect$$$$00000000  mc_w.l(entry.o)
    0x08000188   0x08000188   0x00000004   Code   RO        13092    .ARM.Collect$$$$00000001  mc_w.l(entry2.o)
    0x0800018c   0x0800018c   0x00000004   Code   RO        13095    .ARM.Collect$$$$00000004  mc_w.l(entry5.o)
    0x08000190   0x08000190   0x00000000   Code   RO        13097    .ARM.Collect$$$$00000008  mc_w.l(entry7b.o)
    0x08000190   0x08000190   0x00000000   Code   RO        13099    .ARM.Collect$$$$0000000A  mc_w.l(entry8b.o)
    0x08000190   0x08000190   0x00000008   Code   RO        13100    .ARM.Collect$$$$0000000B  mc_w.l(entry9a.o)
    0x08000198   0x08000198   0x00000000   Code   RO        13102    .ARM.Collect$$$$0000000D  mc_w.l(entry10a.o)
    0x08000198   0x08000198   0x00000000   Code   RO        13104    .ARM.Collect$$$$0000000F  mc_w.l(entry11a.o)
    0x08000198   0x08000198   0x00000004   Code   RO        13093    .ARM.Collect$$$$00002712  mc_w.l(entry2.o)
    0x0800019c   0x0800019c   0x00000024   Code   RO            4    .text               startup_stm32l476xx.o
    0x080001c0   0x080001c0   0x00000024   Code   RO        13086    .text               mc_w.l(memcpya.o)
    0x080001e4   0x080001e4   0x00000024   Code   RO        13088    .text               mc_w.l(memseta.o)
    0x08000208   0x08000208   0x00000024   Code   RO        13108    .text               mc_w.l(init.o)
    0x0800022c   0x0800022c   0x00000056   Code   RO        13122    .text               mc_w.l(__dczerorl2.o)
    0x08000282   0x08000282   0x00000002   PAD
    0x08000284   0x08000284   0x0000005c   Code   RO          539    i.BSP_MOTION_SENSOR_Enable  bsp_motion_sensors.o
    0x080002e0   0x080002e0   0x00000064   Code   RO          540    i.BSP_MOTION_SENSOR_GetAxes  bsp_motion_sensors.o
    0x08000344   0x08000344   0x00000004   Code   RO         1568    i.BusFault_Handler  stm32l4xx_it.o
    0x08000348   0x08000348   0x00000010   Code   RO         1569    i.DFSDM1_FLT0_IRQHandler  stm32l4xx_it.o
    0x08000358   0x08000358   0x00000010   Code   RO         1570    i.DFSDM1_FLT1_IRQHandler  stm32l4xx_it.o
    0x08000368   0x08000368   0x00000068   Code   RO         2779    i.DFSDM_GetChannelFromInstance  stm32l4xx_hal_dfsdm.o
    0x080003d0   0x080003d0   0x00000018   Code   RO         2780    i.DFSDM_GetInjChannelsNbr  stm32l4xx_hal_dfsdm.o
    0x080003e8   0x080003e8   0x00000010   Code   RO         1571    i.DMA1_Channel4_IRQHandler  stm32l4xx_it.o
    0x080003f8   0x080003f8   0x00000010   Code   RO         1572    i.DMA1_Channel5_IRQHandler  stm32l4xx_it.o
    0x08000408   0x08000408   0x00000002   Code   RO         1573    i.DebugMon_Handler  stm32l4xx_it.o
    0x0800040a   0x0800040a   0x0000000a   Code   RO         1574    i.EXTI0_IRQHandler  stm32l4xx_it.o
    0x08000414   0x08000414   0x00000010   Code   RO         1575    i.EXTI9_5_IRQHandler  stm32l4xx_it.o
    0x08000424   0x08000424   0x00000002   Code   RO           13    i.Error_Handler     main.o
    0x08000426   0x08000426   0x00000012   Code   RO        11796    i.FATFS_LinkDriver  ff_gen_drv.o
    0x08000438   0x08000438   0x00000054   Code   RO        11797    i.FATFS_LinkDriverEx  ff_gen_drv.o
    0x0800048c   0x0800048c   0x00000002   Code   RO         2785    i.HAL_DFSDM_ChannelCkabCallback  stm32l4xx_hal_dfsdm.o
    0x0800048e   0x0800048e   0x00000002   PAD
    0x08000490   0x08000490   0x00000124   Code   RO         2793    i.HAL_DFSDM_ChannelInit  stm32l4xx_hal_dfsdm.o
    0x080005b4   0x080005b4   0x000000c8   Code   RO         1723    i.HAL_DFSDM_ChannelMspInit  stm32l4xx_hal_msp.o
    0x0800067c   0x0800067c   0x00000002   Code   RO         2799    i.HAL_DFSDM_ChannelScdCallback  stm32l4xx_hal_dfsdm.o
    0x0800067e   0x0800067e   0x00000002   Code   RO         2804    i.HAL_DFSDM_FilterAwdCallback  stm32l4xx_hal_dfsdm.o
    0x08000680   0x08000680   0x0000003c   Code   RO         2807    i.HAL_DFSDM_FilterConfigInjChannel  stm32l4xx_hal_dfsdm.o
    0x080006bc   0x080006bc   0x00000058   Code   RO         2808    i.HAL_DFSDM_FilterConfigRegChannel  stm32l4xx_hal_dfsdm.o
    0x08000714   0x08000714   0x00000002   Code   RO         2810    i.HAL_DFSDM_FilterErrorCallback  stm32l4xx_hal_dfsdm.o
    0x08000716   0x08000716   0x00000002   PAD
    0x08000718   0x08000718   0x00000138   Code   RO         2820    i.HAL_DFSDM_FilterInit  stm32l4xx_hal_dfsdm.o
    0x08000850   0x08000850   0x00000002   Code   RO         2821    i.HAL_DFSDM_FilterInjConvCpltCallback  stm32l4xx_hal_dfsdm.o
    0x08000852   0x08000852   0x00000002   PAD
    0x08000854   0x08000854   0x0000018c   Code   RO         1725    i.HAL_DFSDM_FilterMspInit  stm32l4xx_hal_msp.o
    0x080009e0   0x080009e0   0x00000002   Code   RO         2834    i.HAL_DFSDM_FilterRegConvCpltCallback  stm32l4xx_hal_dfsdm.o
    0x080009e2   0x080009e2   0x00000002   PAD
    0x080009e4   0x080009e4   0x000001f4   Code   RO         2843    i.HAL_DFSDM_IRQHandler  stm32l4xx_hal_dfsdm.o
    0x08000bd8   0x08000bd8   0x0000005c   Code   RO         5384    i.HAL_DMA_Abort_IT  stm32l4xx_hal_dma.o
    0x08000c34   0x08000c34   0x000000fe   Code   RO         5388    i.HAL_DMA_IRQHandler  stm32l4xx_hal_dma.o
    0x08000d32   0x08000d32   0x00000002   PAD
    0x08000d34   0x08000d34   0x0000010c   Code   RO         5389    i.HAL_DMA_Init      stm32l4xx_hal_dma.o
    0x08000e40   0x08000e40   0x00000020   Code   RO         4631    i.HAL_Delay         stm32l4xx_hal.o
    0x08000e60   0x08000e60   0x00000034   Code   RO          455    i.HAL_EXTI_IRQHandler  stm32l4xx_hal_exti.o
    0x08000e94   0x08000e94   0x00000002   Code   RO         5317    i.HAL_GPIO_EXTI_Callback  stm32l4xx_hal_gpio.o
    0x08000e96   0x08000e96   0x00000002   PAD
    0x08000e98   0x08000e98   0x0000001c   Code   RO         5318    i.HAL_GPIO_EXTI_IRQHandler  stm32l4xx_hal_gpio.o
    0x08000eb4   0x08000eb4   0x00000204   Code   RO         5319    i.HAL_GPIO_Init     stm32l4xx_hal_gpio.o
    0x080010b8   0x080010b8   0x0000000a   Code   RO         5323    i.HAL_GPIO_WritePin  stm32l4xx_hal_gpio.o
    0x080010c2   0x080010c2   0x00000002   PAD
    0x080010c4   0x080010c4   0x0000000c   Code   RO         4635    i.HAL_GetTick       stm32l4xx_hal.o
    0x080010d0   0x080010d0   0x0000006a   Code   RO         3661    i.HAL_I2CEx_ConfigAnalogFilter  stm32l4xx_hal_i2c_ex.o
    0x0800113a   0x0800113a   0x00000068   Code   RO         3662    i.HAL_I2CEx_ConfigDigitalFilter  stm32l4xx_hal_i2c_ex.o
    0x080011a2   0x080011a2   0x00000002   Code   RO         3204    i.HAL_I2C_AbortCpltCallback  stm32l4xx_hal_i2c.o
    0x080011a4   0x080011a4   0x00000002   Code   RO         3205    i.HAL_I2C_AddrCallback  stm32l4xx_hal_i2c.o
    0x080011a6   0x080011a6   0x00000076   Code   RO         3208    i.HAL_I2C_ER_IRQHandler  stm32l4xx_hal_i2c.o
    0x0800121c   0x0800121c   0x0000001c   Code   RO         3209    i.HAL_I2C_EV_IRQHandler  stm32l4xx_hal_i2c.o
    0x08001238   0x08001238   0x00000002   Code   RO         3211    i.HAL_I2C_ErrorCallback  stm32l4xx_hal_i2c.o
    0x0800123a   0x0800123a   0x00000002   PAD
    0x0800123c   0x0800123c   0x000000c4   Code   RO         3215    i.HAL_I2C_Init      stm32l4xx_hal_i2c.o
    0x08001300   0x08001300   0x00000002   Code   RO         3217    i.HAL_I2C_ListenCpltCallback  stm32l4xx_hal_i2c.o
    0x08001302   0x08001302   0x00000002   PAD
    0x08001304   0x08001304   0x0000009c   Code   RO         1727    i.HAL_I2C_MspInit   stm32l4xx_hal_msp.o
    0x080013a0   0x080013a0   0x00000002   Code   RO         3241    i.HAL_I2C_SlaveRxCpltCallback  stm32l4xx_hal_i2c.o
    0x080013a2   0x080013a2   0x00000002   Code   RO         3242    i.HAL_I2C_SlaveTxCpltCallback  stm32l4xx_hal_i2c.o
    0x080013a4   0x080013a4   0x00000010   Code   RO         4639    i.HAL_IncTick       stm32l4xx_hal.o
    0x080013b4   0x080013b4   0x0000001e   Code   RO         4640    i.HAL_Init          stm32l4xx_hal.o
    0x080013d2   0x080013d2   0x00000002   PAD
    0x080013d4   0x080013d4   0x00000088   Code   RO         1797    i.HAL_InitTick      stm32l4xx_hal_timebase_tim.o
    0x0800145c   0x0800145c   0x00000040   Code   RO         1728    i.HAL_MspInit       stm32l4xx_hal_msp.o
    0x0800149c   0x0800149c   0x0000001a   Code   RO         5860    i.HAL_NVIC_EnableIRQ  stm32l4xx_hal_cortex.o
    0x080014b6   0x080014b6   0x00000082   Code   RO         5866    i.HAL_NVIC_SetPriority  stm32l4xx_hal_cortex.o
    0x08001538   0x08001538   0x00000028   Code   RO         5867    i.HAL_NVIC_SetPriorityGrouping  stm32l4xx_hal_cortex.o
    0x08001560   0x08001560   0x00000016   Code   RO         2051    i.HAL_PCDEx_ActivateBCD  stm32l4xx_hal_pcd_ex.o
    0x08001576   0x08001576   0x00000002   PAD
    0x08001578   0x08001578   0x00000028   Code   RO         2052    i.HAL_PCDEx_ActivateLPM  stm32l4xx_hal_pcd_ex.o
    0x080015a0   0x080015a0   0x00000070   Code   RO         1078    i.HAL_PCDEx_LPM_Callback  usbd_conf.o
    0x08001610   0x08001610   0x0000000a   Code   RO         2058    i.HAL_PCDEx_SetRxFiFo  stm32l4xx_hal_pcd_ex.o
    0x0800161a   0x0800161a   0x0000004e   Code   RO         2059    i.HAL_PCDEx_SetTxFiFo  stm32l4xx_hal_pcd_ex.o
    0x08001668   0x08001668   0x0000000e   Code   RO         1080    i.HAL_PCD_ConnectCallback  usbd_conf.o
    0x08001676   0x08001676   0x00000020   Code   RO         1081    i.HAL_PCD_DataInStageCallback  usbd_conf.o
    0x08001696   0x08001696   0x00000020   Code   RO         1082    i.HAL_PCD_DataOutStageCallback  usbd_conf.o
    0x080016b6   0x080016b6   0x0000000e   Code   RO         1083    i.HAL_PCD_DisconnectCallback  usbd_conf.o
    0x080016c4   0x080016c4   0x0000006a   Code   RO         1845    i.HAL_PCD_EP_Close  stm32l4xx_hal_pcd.o
    0x0800172e   0x0800172e   0x0000007c   Code   RO         1846    i.HAL_PCD_EP_ClrStall  stm32l4xx_hal_pcd.o
    0x080017aa   0x080017aa   0x00000044   Code   RO         1847    i.HAL_PCD_EP_Flush  stm32l4xx_hal_pcd.o
    0x080017ee   0x080017ee   0x00000018   Code   RO         1848    i.HAL_PCD_EP_GetRxCount  stm32l4xx_hal_pcd.o
    0x08001806   0x08001806   0x0000008c   Code   RO         1849    i.HAL_PCD_EP_Open   stm32l4xx_hal_pcd.o
    0x08001892   0x08001892   0x0000004c   Code   RO         1850    i.HAL_PCD_EP_Receive  stm32l4xx_hal_pcd.o
    0x080018de   0x080018de   0x00000088   Code   RO         1851    i.HAL_PCD_EP_SetStall  stm32l4xx_hal_pcd.o
    0x08001966   0x08001966   0x0000004e   Code   RO         1852    i.HAL_PCD_EP_Transmit  stm32l4xx_hal_pcd.o
    0x080019b4   0x080019b4   0x00000686   Code   RO         1854    i.HAL_PCD_IRQHandler  stm32l4xx_hal_pcd.o
    0x0800203a   0x0800203a   0x00000012   Code   RO         1084    i.HAL_PCD_ISOINIncompleteCallback  usbd_conf.o
    0x0800204c   0x0800204c   0x00000012   Code   RO         1085    i.HAL_PCD_ISOOUTIncompleteCallback  usbd_conf.o
    0x0800205e   0x0800205e   0x00000154   Code   RO         1857    i.HAL_PCD_Init      stm32l4xx_hal_pcd.o
    0x080021b2   0x080021b2   0x00000002   PAD
    0x080021b4   0x080021b4   0x0000009c   Code   RO         1087    i.HAL_PCD_MspInit   usbd_conf.o
    0x08002250   0x08002250   0x0000002a   Code   RO         1088    i.HAL_PCD_ResetCallback  usbd_conf.o
    0x0800227a   0x0800227a   0x00000002   PAD
    0x0800227c   0x0800227c   0x00000038   Code   RO         1089    i.HAL_PCD_ResumeCallback  usbd_conf.o
    0x080022b4   0x080022b4   0x0000000e   Code   RO         1090    i.HAL_PCD_SOFCallback  usbd_conf.o
    0x080022c2   0x080022c2   0x00000036   Code   RO         1863    i.HAL_PCD_SetAddress  stm32l4xx_hal_pcd.o
    0x080022f8   0x080022f8   0x00000012   Code   RO         1091    i.HAL_PCD_SetupStageCallback  usbd_conf.o
    0x0800230a   0x0800230a   0x00000034   Code   RO         1865    i.HAL_PCD_Start     stm32l4xx_hal_pcd.o
    0x0800233e   0x0800233e   0x00000002   PAD
    0x08002340   0x08002340   0x00000034   Code   RO         1092    i.HAL_PCD_SuspendCallback  usbd_conf.o
    0x08002374   0x08002374   0x0000008c   Code   RO         5610    i.HAL_PWREx_ControlVoltageScaling  stm32l4xx_hal_pwr_ex.o
    0x08002400   0x08002400   0x00000014   Code   RO         5636    i.HAL_PWREx_EnableVddUSB  stm32l4xx_hal_pwr_ex.o
    0x08002414   0x08002414   0x00000010   Code   RO         5641    i.HAL_PWREx_GetVoltageRange  stm32l4xx_hal_pwr_ex.o
    0x08002424   0x08002424   0x000004d4   Code   RO         4956    i.HAL_RCCEx_PeriphCLKConfig  stm32l4xx_hal_rcc_ex.o
    0x080028f8   0x080028f8   0x00000178   Code   RO         4841    i.HAL_RCC_ClockConfig  stm32l4xx_hal_rcc.o
    0x08002a70   0x08002a70   0x00000044   Code   RO         4844    i.HAL_RCC_GetClockConfig  stm32l4xx_hal_rcc.o
    0x08002ab4   0x08002ab4   0x0000000c   Code   RO         4845    i.HAL_RCC_GetHCLKFreq  stm32l4xx_hal_rcc.o
    0x08002ac0   0x08002ac0   0x00000024   Code   RO         4848    i.HAL_RCC_GetPCLK2Freq  stm32l4xx_hal_rcc.o
    0x08002ae4   0x08002ae4   0x0000011c   Code   RO         4849    i.HAL_RCC_GetSysClockFreq  stm32l4xx_hal_rcc.o
    0x08002c00   0x08002c00   0x0000060c   Code   RO         4852    i.HAL_RCC_OscConfig  stm32l4xx_hal_rcc.o
    0x0800320c   0x0800320c   0x00000002   Code   RO         2430    i.HAL_SPI_ErrorCallback  stm32l4xx_hal_spi.o
    0x0800320e   0x0800320e   0x00000002   PAD
    0x08003210   0x08003210   0x0000015c   Code   RO         2433    i.HAL_SPI_IRQHandler  stm32l4xx_hal_spi.o
    0x0800336c   0x0800336c   0x000000c0   Code   RO         2434    i.HAL_SPI_Init      stm32l4xx_hal_spi.o
    0x0800342c   0x0800342c   0x000000c4   Code   RO         1730    i.HAL_SPI_MspInit   stm32l4xx_hal_msp.o
    0x080034f0   0x080034f0   0x00000002   Code   RO         4367    i.HAL_TIMEx_Break2Callback  stm32l4xx_hal_tim_ex.o
    0x080034f2   0x080034f2   0x00000002   Code   RO         4368    i.HAL_TIMEx_BreakCallback  stm32l4xx_hal_tim_ex.o
    0x080034f4   0x080034f4   0x00000002   Code   RO         4369    i.HAL_TIMEx_CommutationCallback  stm32l4xx_hal_tim_ex.o
    0x080034f6   0x080034f6   0x00000034   Code   RO         3717    i.HAL_TIM_Base_Init  stm32l4xx_hal_tim.o
    0x0800352a   0x0800352a   0x00000002   Code   RO         3719    i.HAL_TIM_Base_MspInit  stm32l4xx_hal_tim.o
    0x0800352c   0x0800352c   0x00000044   Code   RO         3722    i.HAL_TIM_Base_Start_IT  stm32l4xx_hal_tim.o
    0x08003570   0x08003570   0x00000002   Code   RO         3746    i.HAL_TIM_IC_CaptureCallback  stm32l4xx_hal_tim.o
    0x08003572   0x08003572   0x000001b8   Code   RO         3759    i.HAL_TIM_IRQHandler  stm32l4xx_hal_tim.o
    0x0800372a   0x0800372a   0x00000002   Code   RO         3762    i.HAL_TIM_OC_DelayElapsedCallback  stm32l4xx_hal_tim.o
    0x0800372c   0x0800372c   0x00000002   Code   RO         3789    i.HAL_TIM_PWM_PulseFinishedCallback  stm32l4xx_hal_tim.o
    0x0800372e   0x0800372e   0x00000002   PAD
    0x08003730   0x08003730   0x00000018   Code   RO           14    i.HAL_TIM_PeriodElapsedCallback  main.o
    0x08003748   0x08003748   0x00000002   Code   RO         3800    i.HAL_TIM_TriggerCallback  stm32l4xx_hal_tim.o
    0x0800374a   0x0800374a   0x00000004   Code   RO         1576    i.HardFault_Handler  stm32l4xx_it.o
    0x0800374e   0x0800374e   0x00000002   PAD
    0x08003750   0x08003750   0x00000010   Code   RO         1577    i.I2C3_ER_IRQHandler  stm32l4xx_it.o
    0x08003760   0x08003760   0x00000010   Code   RO         1578    i.I2C3_EV_IRQHandler  stm32l4xx_it.o
    0x08003770   0x08003770   0x0000002e   Code   RO         3254    i.I2C_DMAAbort      stm32l4xx_hal_i2c.o
    0x0800379e   0x0800379e   0x00000078   Code   RO         3260    i.I2C_Disable_IRQ   stm32l4xx_hal_i2c.o
    0x08003816   0x08003816   0x00000028   Code   RO         3262    i.I2C_Flush_TXDR    stm32l4xx_hal_i2c.o
    0x0800383e   0x0800383e   0x000000ca   Code   RO         3263    i.I2C_ITAddrCplt    stm32l4xx_hal_i2c.o
    0x08003908   0x08003908   0x0000011c   Code   RO         3264    i.I2C_ITError       stm32l4xx_hal_i2c.o
    0x08003a24   0x08003a24   0x0000006c   Code   RO         3265    i.I2C_ITListenCplt  stm32l4xx_hal_i2c.o
    0x08003a90   0x08003a90   0x00000120   Code   RO         3268    i.I2C_ITSlaveCplt   stm32l4xx_hal_i2c.o
    0x08003bb0   0x08003bb0   0x00000062   Code   RO         3269    i.I2C_ITSlaveSequentialCplt  stm32l4xx_hal_i2c.o
    0x08003c12   0x08003c12   0x00000146   Code   RO         3276    i.I2C_Slave_ISR_IT  stm32l4xx_hal_i2c.o
    0x08003d58   0x08003d58   0x00000042   Code   RO         6409    i.MSC_BOT_Abort     usbd_msc_bot.o
    0x08003d9a   0x08003d9a   0x00000002   PAD
    0x08003d9c   0x08003d9c   0x000000dc   Code   RO         6410    i.MSC_BOT_CBW_Decode  usbd_msc_bot.o
    0x08003e78   0x08003e78   0x0000003c   Code   RO         6411    i.MSC_BOT_CplClrFeature  usbd_msc_bot.o
    0x08003eb4   0x08003eb4   0x0000004a   Code   RO         6412    i.MSC_BOT_DataIn    usbd_msc_bot.o
    0x08003efe   0x08003efe   0x00000040   Code   RO         6413    i.MSC_BOT_DataOut   usbd_msc_bot.o
    0x08003f3e   0x08003f3e   0x0000000a   Code   RO         6414    i.MSC_BOT_DeInit    usbd_msc_bot.o
    0x08003f48   0x08003f48   0x00000040   Code   RO         6415    i.MSC_BOT_Init      usbd_msc_bot.o
    0x08003f88   0x08003f88   0x00000020   Code   RO         6416    i.MSC_BOT_Reset     usbd_msc_bot.o
    0x08003fa8   0x08003fa8   0x0000003c   Code   RO         6417    i.MSC_BOT_SendCSW   usbd_msc_bot.o
    0x08003fe4   0x08003fe4   0x0000004e   Code   RO         6418    i.MSC_BOT_SendData  usbd_msc_bot.o
    0x08004032   0x08004032   0x00000002   Code   RO          487    i.MX_BlueNRG_MS_Init  app_x-cube-ble1.o
    0x08004034   0x08004034   0x00000002   Code   RO          488    i.MX_BlueNRG_MS_Process  app_x-cube-ble1.o
    0x08004036   0x08004036   0x00000002   PAD
    0x08004038   0x08004038   0x0000015c   Code   RO           15    i.MX_DFSDM1_Init    main.o
    0x08004194   0x08004194   0x00000044   Code   RO           16    i.MX_DMA_Init       main.o
    0x080041d8   0x080041d8   0x0000001c   Code   RO          331    i.MX_FATFS_Init     fatfs.o
    0x080041f4   0x080041f4   0x000001dc   Code   RO           17    i.MX_GPIO_Init      main.o
    0x080043d0   0x080043d0   0x00000058   Code   RO           18    i.MX_I2C3_Init      main.o
    0x08004428   0x08004428   0x00000002   Code   RO          980    i.MX_MEMS_Init      app_mems-library.o
    0x0800442a   0x0800442a   0x00000002   PAD
    0x0800442c   0x0800442c   0x0000007c   Code   RO          981    i.MX_MEMS_Process   app_mems-library.o
    0x080044a8   0x080044a8   0x00000050   Code   RO           19    i.MX_SPI3_Init      main.o
    0x080044f8   0x080044f8   0x0000003c   Code   RO         1018    i.MX_USB_DEVICE_Init  usb_device.o
    0x08004534   0x08004534   0x00000004   Code   RO         1579    i.MemManage_Handler  stm32l4xx_it.o
    0x08004538   0x08004538   0x00000002   Code   RO         1580    i.NMI_Handler       stm32l4xx_it.o
    0x0800453a   0x0800453a   0x00000002   PAD
    0x0800453c   0x0800453c   0x00000010   Code   RO         5873    i.NVIC_GetPriorityGrouping  stm32l4xx_hal_cortex.o
    0x0800454c   0x0800454c   0x00000028   Code   RO         5874    i.NVIC_SetPriority  stm32l4xx_hal_cortex.o
    0x08004574   0x08004574   0x00000010   Code   RO         1581    i.OTG_FS_IRQHandler  stm32l4xx_it.o
    0x08004584   0x08004584   0x000000b4   Code   RO         1868    i.PCD_WriteEmptyTxFifo  stm32l4xx_hal_pcd.o
    0x08004638   0x08004638   0x00000002   Code   RO         1582    i.PendSV_Handler    stm32l4xx_it.o
    0x0800463a   0x0800463a   0x00000002   PAD
    0x0800463c   0x0800463c   0x0000018c   Code   RO         4960    i.RCCEx_PLLSAI1_Config  stm32l4xx_hal_rcc_ex.o
    0x080047c8   0x080047c8   0x00000164   Code   RO         4961    i.RCCEx_PLLSAI2_Config  stm32l4xx_hal_rcc_ex.o
    0x0800492c   0x0800492c   0x0000009c   Code   RO         4853    i.RCC_SetFlashLatencyFromMSIRange  stm32l4xx_hal_rcc.o
    0x080049c8   0x080049c8   0x00000032   Code   RO         6508    i.SCSI_CheckAddressRange  usbd_msc_scsi.o
    0x080049fa   0x080049fa   0x00000002   PAD
    0x080049fc   0x080049fc   0x00000064   Code   RO         6509    i.SCSI_Inquiry      usbd_msc_scsi.o
    0x08004a60   0x08004a60   0x0000002c   Code   RO         6510    i.SCSI_ModeSense10  usbd_msc_scsi.o
    0x08004a8c   0x08004a8c   0x0000002c   Code   RO         6511    i.SCSI_ModeSense6   usbd_msc_scsi.o
    0x08004ab8   0x08004ab8   0x000000ee   Code   RO         6512    i.SCSI_ProcessCmd   usbd_msc_scsi.o
    0x08004ba6   0x08004ba6   0x000000a4   Code   RO         6513    i.SCSI_ProcessRead  usbd_msc_scsi.o
    0x08004c4a   0x08004c4a   0x000000c0   Code   RO         6514    i.SCSI_ProcessWrite  usbd_msc_scsi.o
    0x08004d0a   0x08004d0a   0x000000e8   Code   RO         6515    i.SCSI_Read10       usbd_msc_scsi.o
    0x08004df2   0x08004df2   0x00000080   Code   RO         6516    i.SCSI_ReadCapacity10  usbd_msc_scsi.o
    0x08004e72   0x08004e72   0x0000008a   Code   RO         6517    i.SCSI_ReadFormatCapacity  usbd_msc_scsi.o
    0x08004efc   0x08004efc   0x00000086   Code   RO         6518    i.SCSI_RequestSense  usbd_msc_scsi.o
    0x08004f82   0x08004f82   0x00000040   Code   RO         6519    i.SCSI_SenseCode    usbd_msc_scsi.o
    0x08004fc2   0x08004fc2   0x00000010   Code   RO         6520    i.SCSI_StartStopUnit  usbd_msc_scsi.o
    0x08004fd2   0x08004fd2   0x00000056   Code   RO         6521    i.SCSI_TestUnitReady  usbd_msc_scsi.o
    0x08005028   0x08005028   0x0000004c   Code   RO         6522    i.SCSI_Verify10     usbd_msc_scsi.o
    0x08005074   0x08005074   0x0000012e   Code   RO         6523    i.SCSI_Write10      usbd_msc_scsi.o
    0x080051a2   0x080051a2   0x00000002   PAD
    0x080051a4   0x080051a4   0x00000010   Code   RO         1583    i.SPI1_IRQHandler   stm32l4xx_it.o
    0x080051b4   0x080051b4   0x00000010   Code   RO         1584    i.SPI2_IRQHandler   stm32l4xx_it.o
    0x080051c4   0x080051c4   0x00000010   Code   RO         1585    i.SPI3_IRQHandler   stm32l4xx_it.o
    0x080051d4   0x080051d4   0x00000016   Code   RO         2461    i.SPI_DMAAbortOnError  stm32l4xx_hal_spi.o
    0x080051ea   0x080051ea   0x00000010   Code   RO         1388    i.STORAGE_GetCapacity_FS  usbd_storage_if.o
    0x080051fa   0x080051fa   0x00000004   Code   RO         1389    i.STORAGE_GetMaxLun_FS  usbd_storage_if.o
    0x080051fe   0x080051fe   0x00000006   Code   RO         1390    i.STORAGE_Init_FS   usbd_storage_if.o
    0x08005204   0x08005204   0x00000006   Code   RO         1391    i.STORAGE_IsReady_FS  usbd_storage_if.o
    0x0800520a   0x0800520a   0x00000006   Code   RO         1392    i.STORAGE_IsWriteProtected_FS  usbd_storage_if.o
    0x08005210   0x08005210   0x00000008   Code   RO         1393    i.STORAGE_Read_FS   usbd_storage_if.o
    0x08005218   0x08005218   0x00000008   Code   RO         1394    i.STORAGE_Write_FS  usbd_storage_if.o
    0x08005220   0x08005220   0x00000002   Code   RO         1586    i.SVC_Handler       stm32l4xx_it.o
    0x08005222   0x08005222   0x00000002   Code   RO         1587    i.SysTick_Handler   stm32l4xx_it.o
    0x08005224   0x08005224   0x00000008   Code   RO         1093    i.SystemClockConfig_Resume  usbd_conf.o
    0x0800522c   0x0800522c   0x000000bc   Code   RO           20    i.SystemClock_Config  main.o
    0x080052e8   0x080052e8   0x00000050   Code   RO         5996    i.SystemInit        system_stm32l4xx.o
    0x08005338   0x08005338   0x00000010   Code   RO         1588    i.TIM1_UP_TIM16_IRQHandler  stm32l4xx_it.o
    0x08005348   0x08005348   0x000000cc   Code   RO         3801    i.TIM_Base_SetConfig  stm32l4xx_hal_tim.o
    0x08005414   0x08005414   0x00000016   Code   RO         6032    i.USBD_ClrClassConfig  usbd_core.o
    0x0800542a   0x0800542a   0x0000003e   Code   RO         6170    i.USBD_ClrFeature   usbd_ctlreq.o
    0x08005468   0x08005468   0x00000018   Code   RO         6265    i.USBD_CtlContinueRx  usbd_ioreq.o
    0x08005480   0x08005480   0x00000018   Code   RO         6266    i.USBD_CtlContinueSendData  usbd_ioreq.o
    0x08005498   0x08005498   0x00000018   Code   RO         6171    i.USBD_CtlError     usbd_ctlreq.o
    0x080054b0   0x080054b0   0x0000001a   Code   RO         6268    i.USBD_CtlReceiveStatus  usbd_ioreq.o
    0x080054ca   0x080054ca   0x00000022   Code   RO         6269    i.USBD_CtlSendData  usbd_ioreq.o
    0x080054ec   0x080054ec   0x0000001a   Code   RO         6270    i.USBD_CtlSendStatus  usbd_ioreq.o
    0x08005506   0x08005506   0x00000002   PAD
    0x08005508   0x08005508   0x00000034   Code   RO         1302    i.USBD_FS_ConfigStrDescriptor  usbd_desc.o
    0x0800553c   0x0800553c   0x00000010   Code   RO         1303    i.USBD_FS_DeviceDescriptor  usbd_desc.o
    0x0800554c   0x0800554c   0x00000038   Code   RO         1304    i.USBD_FS_InterfaceStrDescriptor  usbd_desc.o
    0x08005584   0x08005584   0x00000010   Code   RO         1305    i.USBD_FS_LangIDStrDescriptor  usbd_desc.o
    0x08005594   0x08005594   0x0000002c   Code   RO         1306    i.USBD_FS_ManufacturerStrDescriptor  usbd_desc.o
    0x080055c0   0x080055c0   0x0000003c   Code   RO         1307    i.USBD_FS_ProductStrDescriptor  usbd_desc.o
    0x080055fc   0x080055fc   0x00000038   Code   RO         1308    i.USBD_FS_SerialStrDescriptor  usbd_desc.o
    0x08005634   0x08005634   0x00000010   Code   RO         1309    i.USBD_FS_USR_BOSDescriptor  usbd_desc.o
    0x08005644   0x08005644   0x00000056   Code   RO         6172    i.USBD_GetConfig    usbd_ctlreq.o
    0x0800569a   0x0800569a   0x00000170   Code   RO         6173    i.USBD_GetDescriptor  usbd_ctlreq.o
    0x0800580a   0x0800580a   0x00000014   Code   RO         6174    i.USBD_GetLen       usbd_ctlreq.o
    0x0800581e   0x0800581e   0x0000005a   Code   RO         6175    i.USBD_GetStatus    usbd_ctlreq.o
    0x08005878   0x08005878   0x00000052   Code   RO         6176    i.USBD_GetString    usbd_ctlreq.o
    0x080058ca   0x080058ca   0x00000032   Code   RO         6034    i.USBD_Init         usbd_core.o
    0x080058fc   0x080058fc   0x00000014   Code   RO         1094    i.USBD_LL_BatteryCharging  usbd_conf.o
    0x08005910   0x08005910   0x00000044   Code   RO         1095    i.USBD_LL_ClearStallEP  usbd_conf.o
    0x08005954   0x08005954   0x00000044   Code   RO         1096    i.USBD_LL_CloseEP   usbd_conf.o
    0x08005998   0x08005998   0x00000100   Code   RO         6035    i.USBD_LL_DataInStage  usbd_core.o
    0x08005a98   0x08005a98   0x000000a0   Code   RO         6036    i.USBD_LL_DataOutStage  usbd_core.o
    0x08005b38   0x08005b38   0x00000006   Code   RO         6037    i.USBD_LL_DevConnected  usbd_core.o
    0x08005b3e   0x08005b3e   0x0000001a   Code   RO         6038    i.USBD_LL_DevDisconnected  usbd_core.o
    0x08005b58   0x08005b58   0x00000044   Code   RO         1099    i.USBD_LL_FlushEP   usbd_conf.o
    0x08005b9c   0x08005b9c   0x00000012   Code   RO         1100    i.USBD_LL_GetRxDataSize  usbd_conf.o
    0x08005bae   0x08005bae   0x00000002   PAD
    0x08005bb0   0x08005bb0   0x0000006c   Code   RO         1101    i.USBD_LL_Init      usbd_conf.o
    0x08005c1c   0x08005c1c   0x00000038   Code   RO         1102    i.USBD_LL_IsStallEP  usbd_conf.o
    0x08005c54   0x08005c54   0x00000006   Code   RO         6039    i.USBD_LL_IsoINIncomplete  usbd_core.o
    0x08005c5a   0x08005c5a   0x00000006   Code   RO         6040    i.USBD_LL_IsoOUTIncomplete  usbd_core.o
    0x08005c60   0x08005c60   0x00000062   Code   RO         1103    i.USBD_LL_OpenEP    usbd_conf.o
    0x08005cc2   0x08005cc2   0x00000062   Code   RO         1104    i.USBD_LL_PrepareReceive  usbd_conf.o
    0x08005d24   0x08005d24   0x0000005c   Code   RO         6041    i.USBD_LL_Reset     usbd_core.o
    0x08005d80   0x08005d80   0x0000000e   Code   RO         6042    i.USBD_LL_Resume    usbd_core.o
    0x08005d8e   0x08005d8e   0x00000022   Code   RO         6043    i.USBD_LL_SOF       usbd_core.o
    0x08005db0   0x08005db0   0x00000008   Code   RO         6044    i.USBD_LL_SetSpeed  usbd_core.o
    0x08005db8   0x08005db8   0x00000044   Code   RO         1105    i.USBD_LL_SetUSBAddress  usbd_conf.o
    0x08005dfc   0x08005dfc   0x0000006e   Code   RO         6045    i.USBD_LL_SetupStage  usbd_core.o
    0x08005e6a   0x08005e6a   0x00000044   Code   RO         1106    i.USBD_LL_StallEP   usbd_conf.o
    0x08005eae   0x08005eae   0x0000003c   Code   RO         1107    i.USBD_LL_Start     usbd_conf.o
    0x08005eea   0x08005eea   0x00000014   Code   RO         6046    i.USBD_LL_Suspend   usbd_core.o
    0x08005efe   0x08005efe   0x00000062   Code   RO         1109    i.USBD_LL_Transmit  usbd_conf.o
    0x08005f60   0x08005f60   0x00000012   Code   RO         6325    i.USBD_MSC_DataIn   usbd_msc.o
    0x08005f72   0x08005f72   0x00000012   Code   RO         6326    i.USBD_MSC_DataOut  usbd_msc.o
    0x08005f84   0x08005f84   0x0000003e   Code   RO         6327    i.USBD_MSC_DeInit   usbd_msc.o
    0x08005fc2   0x08005fc2   0x00000002   PAD
    0x08005fc4   0x08005fc4   0x00000010   Code   RO         6328    i.USBD_MSC_GetDeviceQualifierDescriptor  usbd_msc.o
    0x08005fd4   0x08005fd4   0x00000010   Code   RO         6329    i.USBD_MSC_GetFSCfgDesc  usbd_msc.o
    0x08005fe4   0x08005fe4   0x00000010   Code   RO         6330    i.USBD_MSC_GetHSCfgDesc  usbd_msc.o
    0x08005ff4   0x08005ff4   0x00000010   Code   RO         6331    i.USBD_MSC_GetOtherSpeedCfgDesc  usbd_msc.o
    0x08006004   0x08006004   0x00000072   Code   RO         6332    i.USBD_MSC_Init     usbd_msc.o
    0x08006076   0x08006076   0x0000000c   Code   RO         6333    i.USBD_MSC_RegisterStorage  usbd_msc.o
    0x08006082   0x08006082   0x000001c4   Code   RO         6334    i.USBD_MSC_Setup    usbd_msc.o
    0x08006246   0x08006246   0x00000028   Code   RO         6177    i.USBD_ParseSetupRequest  usbd_ctlreq.o
    0x0800626e   0x0800626e   0x00000010   Code   RO         6047    i.USBD_RegisterClass  usbd_core.o
    0x0800627e   0x0800627e   0x00000006   Code   RO         6048    i.USBD_RunTestMode  usbd_core.o
    0x08006284   0x08006284   0x0000005a   Code   RO         6178    i.USBD_SetAddress   usbd_ctlreq.o
    0x080062de   0x080062de   0x00000022   Code   RO         6049    i.USBD_SetClassConfig  usbd_core.o
    0x08006300   0x08006300   0x000000e8   Code   RO         6179    i.USBD_SetConfig    usbd_ctlreq.o
    0x080063e8   0x080063e8   0x00000018   Code   RO         6180    i.USBD_SetFeature   usbd_ctlreq.o
    0x08006400   0x08006400   0x0000000e   Code   RO         6050    i.USBD_Start        usbd_core.o
    0x0800640e   0x0800640e   0x000000a2   Code   RO         6181    i.USBD_StdDevReq    usbd_ctlreq.o
    0x080064b0   0x080064b0   0x00000238   Code   RO         6182    i.USBD_StdEPReq     usbd_ctlreq.o
    0x080066e8   0x080066e8   0x0000007e   Code   RO         6183    i.USBD_StdItfReq    usbd_ctlreq.o
    0x08006766   0x08006766   0x00000002   Code   RO         1110    i.USBD_static_free  usbd_conf.o
    0x08006768   0x08006768   0x0000000c   Code   RO         1111    i.USBD_static_malloc  usbd_conf.o
    0x08006774   0x08006774   0x000000d0   Code   RO         2124    i.USB_ActivateEndpoint  stm32l4xx_ll_usb.o
    0x08006844   0x08006844   0x00000046   Code   RO         2126    i.USB_ActivateSetup  stm32l4xx_ll_usb.o
    0x0800688a   0x0800688a   0x00000002   PAD
    0x0800688c   0x0800688c   0x0000005c   Code   RO         2128    i.USB_CoreInit      stm32l4xx_ll_usb.o
    0x080068e8   0x080068e8   0x0000004c   Code   RO         2129    i.USB_CoreReset     stm32l4xx_ll_usb.o
    0x08006934   0x08006934   0x000000c4   Code   RO         2132    i.USB_DeactivateEndpoint  stm32l4xx_ll_usb.o
    0x080069f8   0x080069f8   0x00000020   Code   RO         2133    i.USB_DevConnect    stm32l4xx_ll_usb.o
    0x08006a18   0x08006a18   0x00000020   Code   RO         2134    i.USB_DevDisconnect  stm32l4xx_ll_usb.o
    0x08006a38   0x08006a38   0x0000019c   Code   RO         2135    i.USB_DevInit       stm32l4xx_ll_usb.o
    0x08006bd4   0x08006bd4   0x0000000e   Code   RO         2136    i.USB_DisableGlobalInt  stm32l4xx_ll_usb.o
    0x08006be2   0x08006be2   0x00000002   PAD
    0x08006be4   0x08006be4   0x00000194   Code   RO         2139    i.USB_EP0StartXfer  stm32l4xx_ll_usb.o
    0x08006d78   0x08006d78   0x00000038   Code   RO         2140    i.USB_EP0_OutStart  stm32l4xx_ll_usb.o
    0x08006db0   0x08006db0   0x0000008e   Code   RO         2141    i.USB_EPClearStall  stm32l4xx_ll_usb.o
    0x08006e3e   0x08006e3e   0x0000009a   Code   RO         2142    i.USB_EPSetStall    stm32l4xx_ll_usb.o
    0x08006ed8   0x08006ed8   0x000002c0   Code   RO         2143    i.USB_EPStartXfer   stm32l4xx_ll_usb.o
    0x08007198   0x08007198   0x0000000e   Code   RO         2144    i.USB_EnableGlobalInt  stm32l4xx_ll_usb.o
    0x080071a6   0x080071a6   0x00000002   PAD
    0x080071a8   0x080071a8   0x0000002c   Code   RO         2145    i.USB_FlushRxFifo   stm32l4xx_ll_usb.o
    0x080071d4   0x080071d4   0x00000030   Code   RO         2146    i.USB_FlushTxFifo   stm32l4xx_ll_usb.o
    0x08007204   0x08007204   0x0000000a   Code   RO         2150    i.USB_GetMode       stm32l4xx_ll_usb.o
    0x0800720e   0x0800720e   0x00000014   Code   RO         2157    i.USB_ReadDevAllInEpInterrupt  stm32l4xx_ll_usb.o
    0x08007222   0x08007222   0x00000014   Code   RO         2158    i.USB_ReadDevAllOutEpInterrupt  stm32l4xx_ll_usb.o
    0x08007236   0x08007236   0x00000032   Code   RO         2159    i.USB_ReadDevInEPInterrupt  stm32l4xx_ll_usb.o
    0x08007268   0x08007268   0x0000001a   Code   RO         2160    i.USB_ReadDevOutEPInterrupt  stm32l4xx_ll_usb.o
    0x08007282   0x08007282   0x0000000a   Code   RO         2161    i.USB_ReadInterrupts  stm32l4xx_ll_usb.o
    0x0800728c   0x0800728c   0x00000022   Code   RO         2162    i.USB_ReadPacket    stm32l4xx_ll_usb.o
    0x080072ae   0x080072ae   0x00000036   Code   RO         2164    i.USB_SetCurrentMode  stm32l4xx_ll_usb.o
    0x080072e4   0x080072e4   0x0000002a   Code   RO         2165    i.USB_SetDevAddress  stm32l4xx_ll_usb.o
    0x0800730e   0x0800730e   0x00000012   Code   RO         2166    i.USB_SetDevSpeed   stm32l4xx_ll_usb.o
    0x08007320   0x08007320   0x00000030   Code   RO         2169    i.USB_WritePacket   stm32l4xx_ll_usb.o
    0x08007350   0x08007350   0x00000014   Code   RO          271    i.USER_initialize   user_diskio.o
    0x08007364   0x08007364   0x00000008   Code   RO          272    i.USER_ioctl        user_diskio.o
    0x0800736c   0x0800736c   0x00000008   Code   RO          273    i.USER_read         user_diskio.o
    0x08007374   0x08007374   0x00000014   Code   RO          274    i.USER_status       user_diskio.o
    0x08007388   0x08007388   0x00000008   Code   RO          275    i.USER_write        user_diskio.o
    0x08007390   0x08007390   0x00000004   Code   RO         1589    i.UsageFault_Handler  stm32l4xx_it.o
    0x08007394   0x08007394   0x0000000e   Code   RO        13116    i.__scatterload_copy  mc_w.l(handlers.o)
    0x080073a2   0x080073a2   0x00000002   Code   RO        13117    i.__scatterload_null  mc_w.l(handlers.o)
    0x080073a4   0x080073a4   0x0000000e   Code   RO        13118    i.__scatterload_zeroinit  mc_w.l(handlers.o)
    0x080073b2   0x080073b2   0x00000038   Code   RO           21    i.main              main.o
    0x080073ea   0x080073ea   0x00000024   Data   RO         1395    .constdata          usbd_storage_if.o
    0x0800740e   0x0800740e   0x00000002   PAD
    0x08007410   0x08007410   0x00000048   Data   RO         5997    .constdata          system_stm32l4xx.o
    0x08007458   0x08007458   0x00000017   Data   RO         6484    .constdata          usbd_msc_data.o
    0x0800746f   0x0800746f   0x00000001   PAD
    0x08007470   0x08007470   0x00000020   Data   RO        13114    Region$$Table       anon$$obj.o


    Execution Region RW_IRAM1 (Exec base: 0x20000000, Load base: 0x08007490, Size: 0x00001578, Max: 0x00018000, ABSOLUTE, COMPRESSED[0x000000c8])

    Exec Addr    Load Addr    Size         Type   Attr      Idx    E Section Name        Object

    0x20000000   COMPRESSED   0x00000018   Data   RW          276    .data               user_diskio.o
    0x20000018   COMPRESSED   0x00000005   Data   RW          334    .data               fatfs.o
    0x2000001d   COMPRESSED   0x00000003   PAD
    0x20000020   COMPRESSED   0x00000020   Data   RW          552    .data               bsp_motion_sensors.o
    0x20000040   COMPRESSED   0x00000014   Data   RW          983    .data               app_mems-library.o
    0x20000054   COMPRESSED   0x00000044   Data   RW         1311    .data               usbd_desc.o
    0x20000098   COMPRESSED   0x00000020   Data   RW         1396    .data               usbd_storage_if.o
    0x200000b8   COMPRESSED   0x00000008   Data   RW         1731    .data               stm32l4xx_hal_msp.o
    0x200000c0   COMPRESSED   0x00000004   Data   RW         2845    .data               stm32l4xx_hal_dfsdm.o
    0x200000c4   COMPRESSED   0x00000004   Data   RW         4656    .data               stm32l4xx_hal.o
    0x200000c8   COMPRESSED   0x00000004   Data   RW         5998    .data               system_stm32l4xx.o
    0x200000cc   COMPRESSED   0x00000001   Data   RW         6184    .data               usbd_ctlreq.o
    0x200000cd   COMPRESSED   0x00000003   PAD
    0x200000d0   COMPRESSED   0x000000a2   Data   RW         6335    .data               usbd_msc.o
    0x20000172   COMPRESSED   0x00000002   PAD
    0x20000174        -       0x00000258   Zero   RW           22    .bss                main.o
    0x200003cc        -       0x0000010b   Zero   RW          376    .bss                hci_tl_interface.o
    0x200004d7   COMPRESSED   0x00000001   PAD
    0x200004d8        -       0x0000003c   Zero   RW          551    .bss                bsp_motion_sensors.o
    0x20000514        -       0x00000018   Zero   RW          982    .bss                app_mems-library.o
    0x2000052c        -       0x0000029c   Zero   RW         1019    .bss                usb_device.o
    0x200007c8        -       0x00000678   Zero   RW         1112    .bss                usbd_conf.o
    0x20000e40        -       0x00000200   Zero   RW         1310    .bss                usbd_desc.o
    0x20001040        -       0x000000c8   Zero   RW         1466    .bss                custom_bus.o
    0x20001108        -       0x00000040   Zero   RW         1800    .bss                stm32l4xx_hal_timebase_tim.o
    0x20001148        -       0x00000020   Zero   RW         2844    .bss                stm32l4xx_hal_dfsdm.o
    0x20001168        -       0x0000000c   Zero   RW        11800    .bss                ff_gen_drv.o
    0x20001174   COMPRESSED   0x00000004   PAD
    0x20001178        -       0x00000400   Zero   RW            1    STACK               startup_stm32l476xx.o


==============================================================================

Image component sizes


      Code (inc. data)   RO Data    RW Data    ZI Data      Debug   Object Name

       126         12          0         20         24       1394   app_mems-library.o
         4          0          0          0          0        969   app_x-cube-ble1.o
       192         32          0         32         60       2903   bsp_motion_sensors.o
         0          0          0          0        200        250   custom_bus.o
        28         12          0          5          0       1082   fatfs.o
       102          6          0          0         12       1731   ff_gen_drv.o
         0          0          0          0        267       1407   hci_tl_interface.o
      1330         90          0          0        600     894585   main.o
        36          8        392          0       1024        856   startup_stm32l476xx.o
        90         10          0          4          0       3632   stm32l4xx_hal.o
       252         22          0          0          0      30238   stm32l4xx_hal_cortex.o
      1392         40          0          4         32      10789   stm32l4xx_hal_dfsdm.o
       614         10          0          0          0       2731   stm32l4xx_hal_dma.o
        52          6          0          0          0        998   stm32l4xx_hal_exti.o
       556         40          0          0          0       3624   stm32l4xx_hal_gpio.o
      1866         30          0          0          0      14863   stm32l4xx_hal_i2c.o
       210          0          0          0          0       2007   stm32l4xx_hal_i2c_ex.o
      1012         90          0          8          0       4547   stm32l4xx_hal_msp.o
      3048         50          0          0          0      12568   stm32l4xx_hal_pcd.o
       150          4          0          0          0       3216   stm32l4xx_hal_pcd_ex.o
       176         24          0          0          0       1959   stm32l4xx_hal_pwr_ex.o
      2480         98          0          0          0       7458   stm32l4xx_hal_rcc.o
      1988         48          0          0          0       4008   stm32l4xx_hal_rcc_ex.o
       564          6          0          0          0       3552   stm32l4xx_hal_spi.o
       774         40          0          0          0       6522   stm32l4xx_hal_tim.o
         6          0          0          0          0       2237   stm32l4xx_hal_tim_ex.o
       136         18          0          0         64       1499   stm32l4xx_hal_timebase_tim.o
       228         72          0          0          0      10893   stm32l4xx_it.o
      3030         64          0          0          0      21024   stm32l4xx_ll_usb.o
        80         12         72          4          0       1273   system_stm32l4xx.o
        60         16          0          0        668       5997   usb_device.o
      1496         34          0          0       1656      19539   usbd_conf.o
       880          0          0          0          0      13325   usbd_core.o
      1974         20          0          1          0      11372   usbd_ctlreq.o
       316        130          0         68        512       6227   usbd_desc.o
       134          0          0          0          0       4072   usbd_ioreq.o
       740         24          0        162          0       9824   usbd_msc.o
       728         10          0          0          0       7825   usbd_msc_bot.o
         0          0         23          0          0        897   usbd_msc_data.o
      2008         14          0          0          0      14179   usbd_msc_scsi.o
        54          0         36         32          0       4723   usbd_storage_if.o
        64         12          0         24          0       3716   user_diskio.o

    ----------------------------------------------------------------------
     29036       1104        558        372       5124    1156511   Object Totals
         0          0         32          0          0          0   (incl. Generated)
        60          0          3          8          5          0   (incl. Padding)

    ----------------------------------------------------------------------

      Code (inc. data)   RO Data    RW Data    ZI Data      Debug   Library Member Name

        86          0          0          0          0          0   __dczerorl2.o
         0          0          0          0          0          0   entry.o
         0          0          0          0          0          0   entry10a.o
         0          0          0          0          0          0   entry11a.o
         8          4          0          0          0          0   entry2.o
         4          0          0          0          0          0   entry5.o
         0          0          0          0          0          0   entry7b.o
         0          0          0          0          0          0   entry8b.o
         8          4          0          0          0          0   entry9a.o
        30          0          0          0          0          0   handlers.o
        36          8          0          0          0         68   init.o
        36          0          0          0          0         68   memcpya.o
        36          0          0          0          0        108   memseta.o

    ----------------------------------------------------------------------
       246         16          0          0          0        244   Library Totals
         2          0          0          0          0          0   (incl. Padding)

    ----------------------------------------------------------------------

      Code (inc. data)   RO Data    RW Data    ZI Data      Debug   Library Name

       244         16          0          0          0        244   mc_w.l

    ----------------------------------------------------------------------
       246         16          0          0          0        244   Library Totals

    ----------------------------------------------------------------------

==============================================================================


      Code (inc. data)   RO Data    RW Data    ZI Data      Debug   

     29282       1120        558        372       5124    1128287   Grand Totals
     29282       1120        558        200       5124    1128287   ELF Image Totals (compressed)
     29282       1120        558        200          0          0   ROM Totals

==============================================================================

    Total RO  Size (Code + RO Data)                29840 (  29.14kB)
    Total RW  Size (RW Data + ZI Data)              5496 (   5.37kB)
    Total ROM Size (Code + RO Data + RW Data)      30040 (  29.34kB)

==============================================================================

