<html>
<body>
<pre>
<h1>µVision Build Log</h1>
<h2>Tool Versions:</h2>
IDE-Version: µVision V5.27.1.0
Copyright (C) 2019 ARM Ltd and ARM Germany GmbH. All rights reserved.
License Information: Noah Cho, Strados Labs, LIC=MGX75-0XDP3-7D4PX-0W7TG-EABNQ-K5D07
 
Tool Versions:
Toolchain:       MDK-ARM Professional  Version: 5.27.1.0
Toolchain Path:  C:\Keil_v5\ARM\ARMCC\Bin
C Compiler:      Armcc.exe V5.06 update 6 (build 750)
Assembler:       Armasm.exe V5.06 update 6 (build 750)
Linker/Locator:  ArmLink.exe V5.06 update 6 (build 750)
Library Manager: ArmAr.exe V5.06 update 6 (build 750)
Hex Converter:   FromElf.exe V5.06 update 6 (build 750)
CPU DLL:         SARMCM3.DLL V5.27.1.0
Dialog DLL:      DCM.DLL V1.17.2.0
Target DLL:      STLink\ST-LINKIII-KEIL_SWO.dll V3.0.6.0
Dialog DLL:      TCM.DLL V1.36.1.0
 
<h2>Project:</h2>
C:\Users\Noah Cho\Desktop\Strados_Labs\SW_Test_Template\MDK-ARM\SW_Test_Template.uvprojx
Project File Date:  05/24/2019

<h2>Output:</h2>
*** Using Compiler 'V5.06 update 6 (build 750)', folder: 'C:\Keil_v5\ARM\ARMCC\Bin'
Rebuild target 'SW_Test_Template'
assembling startup_stm32l476xx.s...
compiling app_x-cube-ble1.c...
compiling stm32l4xx_hal_exti.c...
compiling mems_conf.c...
compiling fatfs.c...
compiling hci_tl_interface.c...
compiling user_diskio.c...
compiling bsp_motion_sensors.c...
compiling main.c...
compiling custom_bus.c...
compiling usbd_desc.c...
compiling usb_device.c...
compiling bsp_motion_sensors_ex.c...
compiling usbd_storage_if.c...
compiling usbd_conf.c...
compiling app_mems-library.c...
compiling stm32l4xx_it.c...
compiling stm32l4xx_hal_msp.c...
compiling stm32l4xx_hal_pcd_ex.c...
compiling stm32l4xx_hal_timebase_tim.c...
compiling stm32l4xx_hal_pcd.c...
compiling stm32l4xx_hal_spi.c...
compiling stm32l4xx_ll_usb.c...
compiling stm32l4xx_hal_spi_ex.c...
compiling stm32l4xx_hal_i2c_ex.c...
compiling stm32l4xx_hal.c...
compiling stm32l4xx_hal_tim_ex.c...
compiling stm32l4xx_hal_dfsdm.c...
compiling stm32l4xx_hal_i2c.c...
compiling stm32l4xx_hal_tim.c...
compiling stm32l4xx_hal_flash_ramfunc.c...
compiling stm32l4xx_hal_gpio.c...
compiling stm32l4xx_hal_dma.c...
compiling stm32l4xx_hal_flash.c...
compiling stm32l4xx_hal_flash_ex.c...
compiling stm32l4xx_hal_rcc.c...
compiling stm32l4xx_hal_rcc_ex.c...
compiling stm32l4xx_hal_dma_ex.c...
compiling stm32l4xx_hal_cortex.c...
compiling usbd_ctlreq.c...
compiling system_stm32l4xx.c...
compiling stm32l4xx_hal_pwr.c...
compiling usbd_core.c...
compiling stm32l4xx_hal_pwr_ex.c...
compiling LSM6DS3_ACC_GYRO_driver.c...
compiling LSM6DS3_ACC_GYRO_driver_HL.c...
compiling lsm6dsl_reg.c...
compiling lsm6dsl.c...
compiling usbd_ioreq.c...
compiling usbd_msc_data.c...
compiling SensorTile_sd.c...
compiling usbd_msc.c...
compiling usbd_msc_bot.c...
compiling usbd_msc_scsi.c...
compiling SensorTile.c...
compiling syscall.c...
compiling bluenrg_IFR.c...
../Middlewares/ST/BlueNRG-MS/hci/controller/bluenrg_IFR.c(356): warning:  #1215-D: #warning directive: BLUENRG_CONFIG not valid
  #warning BLUENRG_CONFIG not valid
../Middlewares/ST/BlueNRG-MS/hci/controller/bluenrg_IFR.c: 1 warning, 0 errors
compiling ff_gen_drv.c...
compiling diskio.c...
compiling ff.c...
compiling bluenrg_hal_aci.c...
compiling bluenrg_gap_aci.c...
compiling bluenrg_gatt_aci.c...
compiling ble_list.c...
compiling hci_le.c...
compiling hci_tl.c...
compiling bluenrg_updater_aci.c...
compiling bluenrg_utils_small.c...
compiling bluenrg_l2cap_aci.c...
linking...
Program Size: Code=29282 RO-data=558 RW-data=372 ZI-data=5124  
FromELF: creating hex file...
SW_Test_Template\SW_Test_Template.hex: Warning: Q9931W: Your license for feature Keil will expire in 8 days
Finished: 0 information, 1 warning and 0 error messages.
After Build - User command #1: C:\Keil_v5\\ARM\ARMCC\bin\fromelf.exe --bin --output=SW_Test_Template.bin SW_Test_Template\SW_Test_Template.axf
Warning: Q9931W: Your license for feature Keil will expire in 8 days
Finished: 0 information, 1 warning and 0 error messages.
"SW_Test_Template\SW_Test_Template.axf" - 0 Error(s), 1 Warning(s).

<h2>Software Packages used:</h2>

Package Vendor: ARM
                http://www.keil.com/pack/ARM.CMSIS.5.5.1.pack
                ARM.CMSIS.5.5.1
                CMSIS (Cortex Microcontroller Software Interface Standard)
   * Component: CORE Version: 5.2.0

Package Vendor: Keil
                http://www.keil.com/pack/Keil.STM32L4xx_DFP.2.2.0.pack
                Keil.STM32L4xx_DFP.2.2.0
                STMicroelectronics STM32L4 Series Device Support, Drivers and Examples

<h2>Collection of Component include folders:</h2>
  .\RTE\_SW_Test_Template
  C:\Users\Noah Cho\AppData\Local\Arm\Packs\ARM\CMSIS\5.5.1\CMSIS\Core\Include
  C:\Users\Noah Cho\AppData\Local\Arm\Packs\Keil\STM32L4xx_DFP\2.2.0\Drivers\CMSIS\Device\ST\STM32L4xx\Include

<h2>Collection of Component Files used:</h2>

   * Component: ARM::CMSIS:CORE:5.2.0
Build Time Elapsed:  00:01:58
</pre>
</body>
</html>
